Archive member included to satisfy reference by file (symbol)

c:/program files (x86)/atmel/studio/7.0/toolchain/avr8/avr8-gnu-toolchain/bin/../lib/gcc/avr/5.4.0/../../../../avr/lib/avr5\libm.a(addsf3.o)
                              ADC_control.o (__addsf3)
c:/program files (x86)/atmel/studio/7.0/toolchain/avr8/avr8-gnu-toolchain/bin/../lib/gcc/avr/5.4.0/../../../../avr/lib/avr5\libm.a(addsf3x.o)
                              c:/program files (x86)/atmel/studio/7.0/toolchain/avr8/avr8-gnu-toolchain/bin/../lib/gcc/avr/5.4.0/../../../../avr/lib/avr5\libm.a(addsf3.o) (__addsf3x)
c:/program files (x86)/atmel/studio/7.0/toolchain/avr8/avr8-gnu-toolchain/bin/../lib/gcc/avr/5.4.0/../../../../avr/lib/avr5\libm.a(divsf3.o)
                              ADC_control.o (__divsf3)
c:/program files (x86)/atmel/studio/7.0/toolchain/avr8/avr8-gnu-toolchain/bin/../lib/gcc/avr/5.4.0/../../../../avr/lib/avr5\libm.a(divsf3x.o)
                              c:/program files (x86)/atmel/studio/7.0/toolchain/avr8/avr8-gnu-toolchain/bin/../lib/gcc/avr/5.4.0/../../../../avr/lib/avr5\libm.a(divsf3.o) (__divsf3x)
c:/program files (x86)/atmel/studio/7.0/toolchain/avr8/avr8-gnu-toolchain/bin/../lib/gcc/avr/5.4.0/../../../../avr/lib/avr5\libm.a(fixsfsi.o)
                              ADC_control.o (__fixsfsi)
c:/program files (x86)/atmel/studio/7.0/toolchain/avr8/avr8-gnu-toolchain/bin/../lib/gcc/avr/5.4.0/../../../../avr/lib/avr5\libm.a(fixunssfsi.o)
                              c:/program files (x86)/atmel/studio/7.0/toolchain/avr8/avr8-gnu-toolchain/bin/../lib/gcc/avr/5.4.0/../../../../avr/lib/avr5\libm.a(fixsfsi.o) (__fixunssfsi)
c:/program files (x86)/atmel/studio/7.0/toolchain/avr8/avr8-gnu-toolchain/bin/../lib/gcc/avr/5.4.0/../../../../avr/lib/avr5\libm.a(floatsisf.o)
                              ADC_control.o (__floatsisf)
c:/program files (x86)/atmel/studio/7.0/toolchain/avr8/avr8-gnu-toolchain/bin/../lib/gcc/avr/5.4.0/../../../../avr/lib/avr5\libm.a(fp_inf.o)
                              c:/program files (x86)/atmel/studio/7.0/toolchain/avr8/avr8-gnu-toolchain/bin/../lib/gcc/avr/5.4.0/../../../../avr/lib/avr5\libm.a(addsf3x.o) (__fp_inf)
c:/program files (x86)/atmel/studio/7.0/toolchain/avr8/avr8-gnu-toolchain/bin/../lib/gcc/avr/5.4.0/../../../../avr/lib/avr5\libm.a(fp_nan.o)
                              c:/program files (x86)/atmel/studio/7.0/toolchain/avr8/avr8-gnu-toolchain/bin/../lib/gcc/avr/5.4.0/../../../../avr/lib/avr5\libm.a(addsf3x.o) (__fp_nan)
c:/program files (x86)/atmel/studio/7.0/toolchain/avr8/avr8-gnu-toolchain/bin/../lib/gcc/avr/5.4.0/../../../../avr/lib/avr5\libm.a(fp_pscA.o)
                              c:/program files (x86)/atmel/studio/7.0/toolchain/avr8/avr8-gnu-toolchain/bin/../lib/gcc/avr/5.4.0/../../../../avr/lib/avr5\libm.a(addsf3x.o) (__fp_pscA)
c:/program files (x86)/atmel/studio/7.0/toolchain/avr8/avr8-gnu-toolchain/bin/../lib/gcc/avr/5.4.0/../../../../avr/lib/avr5\libm.a(fp_pscB.o)
                              c:/program files (x86)/atmel/studio/7.0/toolchain/avr8/avr8-gnu-toolchain/bin/../lib/gcc/avr/5.4.0/../../../../avr/lib/avr5\libm.a(addsf3x.o) (__fp_pscB)
c:/program files (x86)/atmel/studio/7.0/toolchain/avr8/avr8-gnu-toolchain/bin/../lib/gcc/avr/5.4.0/../../../../avr/lib/avr5\libm.a(fp_round.o)
                              c:/program files (x86)/atmel/studio/7.0/toolchain/avr8/avr8-gnu-toolchain/bin/../lib/gcc/avr/5.4.0/../../../../avr/lib/avr5\libm.a(addsf3.o) (__fp_round)
c:/program files (x86)/atmel/studio/7.0/toolchain/avr8/avr8-gnu-toolchain/bin/../lib/gcc/avr/5.4.0/../../../../avr/lib/avr5\libm.a(fp_split3.o)
                              c:/program files (x86)/atmel/studio/7.0/toolchain/avr8/avr8-gnu-toolchain/bin/../lib/gcc/avr/5.4.0/../../../../avr/lib/avr5\libm.a(addsf3x.o) (__fp_split3)
c:/program files (x86)/atmel/studio/7.0/toolchain/avr8/avr8-gnu-toolchain/bin/../lib/gcc/avr/5.4.0/../../../../avr/lib/avr5\libm.a(fp_zero.o)
                              c:/program files (x86)/atmel/studio/7.0/toolchain/avr8/avr8-gnu-toolchain/bin/../lib/gcc/avr/5.4.0/../../../../avr/lib/avr5\libm.a(addsf3x.o) (__fp_zero)
c:/program files (x86)/atmel/studio/7.0/toolchain/avr8/avr8-gnu-toolchain/bin/../lib/gcc/avr/5.4.0/../../../../avr/lib/avr5\libm.a(mulsf3.o)
                              ADC_control.o (__mulsf3)
c:/program files (x86)/atmel/studio/7.0/toolchain/avr8/avr8-gnu-toolchain/bin/../lib/gcc/avr/5.4.0/../../../../avr/lib/avr5\libm.a(mulsf3x.o)
                              c:/program files (x86)/atmel/studio/7.0/toolchain/avr8/avr8-gnu-toolchain/bin/../lib/gcc/avr/5.4.0/../../../../avr/lib/avr5\libm.a(mulsf3.o) (__mulsf3x)
c:/program files (x86)/atmel/studio/7.0/toolchain/avr8/avr8-gnu-toolchain/bin/../lib/gcc/avr/5.4.0/avr5\libgcc.a(_divmodhi4.o)
                              ADC_control.o (__divmodhi4)
c:/program files (x86)/atmel/studio/7.0/toolchain/avr8/avr8-gnu-toolchain/bin/../lib/gcc/avr/5.4.0/avr5\libgcc.a(_exit.o)
                              C:/Program Files (x86)/Atmel/Studio/7.0/Packs/atmel/ATmega_DFP/1.7.374/gcc/dev/atmega162/avr5/crtatmega162.o (exit)
c:/program files (x86)/atmel/studio/7.0/toolchain/avr8/avr8-gnu-toolchain/bin/../lib/gcc/avr/5.4.0/avr5\libgcc.a(_tablejump2.o)
                              OLED_menu.o (__tablejump2__)
c:/program files (x86)/atmel/studio/7.0/toolchain/avr8/avr8-gnu-toolchain/bin/../lib/gcc/avr/5.4.0/avr5\libgcc.a(_copy_data.o)
                              ADC_control.o (__do_copy_data)
c:/program files (x86)/atmel/studio/7.0/toolchain/avr8/avr8-gnu-toolchain/bin/../lib/gcc/avr/5.4.0/avr5\libgcc.a(_clear_bss.o)
                              ADC_control.o (__do_clear_bss)
c:/program files (x86)/atmel/studio/7.0/toolchain/avr8/avr8-gnu-toolchain/bin/../lib/gcc/avr/5.4.0/avr5\libgcc.a(_udivmodhi4.o)
                              c:/program files (x86)/atmel/studio/7.0/toolchain/avr8/avr8-gnu-toolchain/bin/../lib/gcc/avr/5.4.0/avr5\libgcc.a(_divmodhi4.o) (__udivmodhi4)
c:/program files (x86)/atmel/studio/7.0/toolchain/avr8/avr8-gnu-toolchain/bin/../lib/gcc/avr/5.4.0/../../../../avr/lib/avr5\libc.a(rand.o)
                              SRAM_Control.o (rand)
c:/program files (x86)/atmel/studio/7.0/toolchain/avr8/avr8-gnu-toolchain/bin/../lib/gcc/avr/5.4.0/../../../../avr/lib/avr5\libc.a(fdevopen.o)
                              main.o (fdevopen)
c:/program files (x86)/atmel/studio/7.0/toolchain/avr8/avr8-gnu-toolchain/bin/../lib/gcc/avr/5.4.0/../../../../avr/lib/avr5\libc.a(iob.o)
                              c:/program files (x86)/atmel/studio/7.0/toolchain/avr8/avr8-gnu-toolchain/bin/../lib/gcc/avr/5.4.0/../../../../avr/lib/avr5\libc.a(fdevopen.o) (__iob)
c:/program files (x86)/atmel/studio/7.0/toolchain/avr8/avr8-gnu-toolchain/bin/../lib/gcc/avr/5.4.0/../../../../avr/lib/avr5\libc.a(printf.o)
                              ADC_control.o (printf)
c:/program files (x86)/atmel/studio/7.0/toolchain/avr8/avr8-gnu-toolchain/bin/../lib/gcc/avr/5.4.0/../../../../avr/lib/avr5\libc.a(puts.o)
                              OLED_control.o (puts)
c:/program files (x86)/atmel/studio/7.0/toolchain/avr8/avr8-gnu-toolchain/bin/../lib/gcc/avr/5.4.0/../../../../avr/lib/avr5\libc.a(vfprintf_std.o)
                              OLED_control.o (vfprintf)
c:/program files (x86)/atmel/studio/7.0/toolchain/avr8/avr8-gnu-toolchain/bin/../lib/gcc/avr/5.4.0/../../../../avr/lib/avr5\libc.a(calloc.o)
                              c:/program files (x86)/atmel/studio/7.0/toolchain/avr8/avr8-gnu-toolchain/bin/../lib/gcc/avr/5.4.0/../../../../avr/lib/avr5\libc.a(fdevopen.o) (calloc)
c:/program files (x86)/atmel/studio/7.0/toolchain/avr8/avr8-gnu-toolchain/bin/../lib/gcc/avr/5.4.0/../../../../avr/lib/avr5\libc.a(malloc.o)
                              c:/program files (x86)/atmel/studio/7.0/toolchain/avr8/avr8-gnu-toolchain/bin/../lib/gcc/avr/5.4.0/../../../../avr/lib/avr5\libc.a(calloc.o) (malloc)
c:/program files (x86)/atmel/studio/7.0/toolchain/avr8/avr8-gnu-toolchain/bin/../lib/gcc/avr/5.4.0/../../../../avr/lib/avr5\libc.a(strnlen_P.o)
                              c:/program files (x86)/atmel/studio/7.0/toolchain/avr8/avr8-gnu-toolchain/bin/../lib/gcc/avr/5.4.0/../../../../avr/lib/avr5\libc.a(vfprintf_std.o) (strnlen_P)
c:/program files (x86)/atmel/studio/7.0/toolchain/avr8/avr8-gnu-toolchain/bin/../lib/gcc/avr/5.4.0/../../../../avr/lib/avr5\libc.a(memset.o)
                              c:/program files (x86)/atmel/studio/7.0/toolchain/avr8/avr8-gnu-toolchain/bin/../lib/gcc/avr/5.4.0/../../../../avr/lib/avr5\libc.a(calloc.o) (memset)
c:/program files (x86)/atmel/studio/7.0/toolchain/avr8/avr8-gnu-toolchain/bin/../lib/gcc/avr/5.4.0/../../../../avr/lib/avr5\libc.a(strnlen.o)
                              c:/program files (x86)/atmel/studio/7.0/toolchain/avr8/avr8-gnu-toolchain/bin/../lib/gcc/avr/5.4.0/../../../../avr/lib/avr5\libc.a(vfprintf_std.o) (strnlen)
c:/program files (x86)/atmel/studio/7.0/toolchain/avr8/avr8-gnu-toolchain/bin/../lib/gcc/avr/5.4.0/../../../../avr/lib/avr5\libc.a(fputc.o)
                              c:/program files (x86)/atmel/studio/7.0/toolchain/avr8/avr8-gnu-toolchain/bin/../lib/gcc/avr/5.4.0/../../../../avr/lib/avr5\libc.a(vfprintf_std.o) (fputc)
c:/program files (x86)/atmel/studio/7.0/toolchain/avr8/avr8-gnu-toolchain/bin/../lib/gcc/avr/5.4.0/../../../../avr/lib/avr5\libc.a(ultoa_invert.o)
                              c:/program files (x86)/atmel/studio/7.0/toolchain/avr8/avr8-gnu-toolchain/bin/../lib/gcc/avr/5.4.0/../../../../avr/lib/avr5\libc.a(vfprintf_std.o) (__ultoa_invert)
c:/program files (x86)/atmel/studio/7.0/toolchain/avr8/avr8-gnu-toolchain/bin/../lib/gcc/avr/5.4.0/avr5\libgcc.a(_divmodsi4.o)
                              c:/program files (x86)/atmel/studio/7.0/toolchain/avr8/avr8-gnu-toolchain/bin/../lib/gcc/avr/5.4.0/../../../../avr/lib/avr5\libc.a(rand.o) (__divmodsi4)
c:/program files (x86)/atmel/studio/7.0/toolchain/avr8/avr8-gnu-toolchain/bin/../lib/gcc/avr/5.4.0/avr5\libgcc.a(_negsi2.o)
                              c:/program files (x86)/atmel/studio/7.0/toolchain/avr8/avr8-gnu-toolchain/bin/../lib/gcc/avr/5.4.0/avr5\libgcc.a(_divmodsi4.o) (__negsi2)
c:/program files (x86)/atmel/studio/7.0/toolchain/avr8/avr8-gnu-toolchain/bin/../lib/gcc/avr/5.4.0/avr5\libgcc.a(_muluhisi3.o)
                              c:/program files (x86)/atmel/studio/7.0/toolchain/avr8/avr8-gnu-toolchain/bin/../lib/gcc/avr/5.4.0/../../../../avr/lib/avr5\libc.a(rand.o) (__muluhisi3)
c:/program files (x86)/atmel/studio/7.0/toolchain/avr8/avr8-gnu-toolchain/bin/../lib/gcc/avr/5.4.0/avr5\libgcc.a(_mulshisi3.o)
                              c:/program files (x86)/atmel/studio/7.0/toolchain/avr8/avr8-gnu-toolchain/bin/../lib/gcc/avr/5.4.0/../../../../avr/lib/avr5\libc.a(rand.o) (__mulohisi3)
c:/program files (x86)/atmel/studio/7.0/toolchain/avr8/avr8-gnu-toolchain/bin/../lib/gcc/avr/5.4.0/avr5\libgcc.a(_prologue.o)
                              c:/program files (x86)/atmel/studio/7.0/toolchain/avr8/avr8-gnu-toolchain/bin/../lib/gcc/avr/5.4.0/../../../../avr/lib/avr5\libc.a(printf.o) (__prologue_saves__)
c:/program files (x86)/atmel/studio/7.0/toolchain/avr8/avr8-gnu-toolchain/bin/../lib/gcc/avr/5.4.0/avr5\libgcc.a(_epilogue.o)
                              c:/program files (x86)/atmel/studio/7.0/toolchain/avr8/avr8-gnu-toolchain/bin/../lib/gcc/avr/5.4.0/../../../../avr/lib/avr5\libc.a(printf.o) (__epilogue_restores__)
c:/program files (x86)/atmel/studio/7.0/toolchain/avr8/avr8-gnu-toolchain/bin/../lib/gcc/avr/5.4.0/avr5\libgcc.a(_udivmodsi4.o)
                              c:/program files (x86)/atmel/studio/7.0/toolchain/avr8/avr8-gnu-toolchain/bin/../lib/gcc/avr/5.4.0/avr5\libgcc.a(_divmodsi4.o) (__udivmodsi4)
c:/program files (x86)/atmel/studio/7.0/toolchain/avr8/avr8-gnu-toolchain/bin/../lib/gcc/avr/5.4.0/avr5\libgcc.a(_umulhisi3.o)
                              c:/program files (x86)/atmel/studio/7.0/toolchain/avr8/avr8-gnu-toolchain/bin/../lib/gcc/avr/5.4.0/avr5\libgcc.a(_muluhisi3.o) (__umulhisi3)

Allocating common symbols
Common symbol       size              file

sliderRight         0x2               ADC_control.o
negYadd             0x4               ADC_control.o
middleyjoyy         0x2               ADC_control.o
joyxPercent         0x2               ADC_control.o
posYadd             0x4               ADC_control.o
sliderLeft          0x2               ADC_control.o
joyyPercent         0x2               ADC_control.o
joyy                0x2               ADC_control.o
pos                 0x2               OLED_control.o
button2State        0x1               ADC_control.o
__brkval            0x2               c:/program files (x86)/atmel/studio/7.0/toolchain/avr8/avr8-gnu-toolchain/bin/../lib/gcc/avr/5.4.0/../../../../avr/lib/avr5\libc.a(malloc.o)
message             0xb               game.o
posXadd             0x4               ADC_control.o
posYfactor          0x4               ADC_control.o
negXadd             0x4               ADC_control.o
middleyjoyx         0x2               ADC_control.o
negYfactor          0x4               ADC_control.o
negXfactor          0x4               ADC_control.o
button1State        0x1               ADC_control.o
ADC_data            0x1               ADC_control.o
posXfactor          0x4               ADC_control.o
arrow_pos           0x2               OLED_menu.o
joyx                0x2               ADC_control.o
__flp               0x2               c:/program files (x86)/atmel/studio/7.0/toolchain/avr8/avr8-gnu-toolchain/bin/../lib/gcc/avr/5.4.0/../../../../avr/lib/avr5\libc.a(malloc.o)
__iob               0x6               c:/program files (x86)/atmel/studio/7.0/toolchain/avr8/avr8-gnu-toolchain/bin/../lib/gcc/avr/5.4.0/../../../../avr/lib/avr5\libc.a(iob.o)
button3State        0x1               ADC_control.o

Discarded input sections

 .data          0x00000000        0x0 C:/Program Files (x86)/Atmel/Studio/7.0/Packs/atmel/ATmega_DFP/1.7.374/gcc/dev/atmega162/avr5/crtatmega162.o
 .bss           0x00000000        0x0 C:/Program Files (x86)/Atmel/Studio/7.0/Packs/atmel/ATmega_DFP/1.7.374/gcc/dev/atmega162/avr5/crtatmega162.o
 .text          0x00000000        0x0 ADC_control.o
 .data          0x00000000        0x0 ADC_control.o
 .bss           0x00000000        0x0 ADC_control.o
 .text.get_ADC_data
                0x00000000        0xc ADC_control.o
 .text.ADC_start_read
                0x00000000        0xc ADC_control.o
 .text          0x00000000        0x0 CAN_controller.o
 .data          0x00000000        0x0 CAN_controller.o
 .bss           0x00000000        0x0 CAN_controller.o
 .text.CAN_message_recieved
                0x00000000        0xa CAN_controller.o
 .rodata.str1.1
                0x00000000       0x1f CAN_controller.o
 .text.CAN_test
                0x00000000       0xa2 CAN_controller.o
 .text          0x00000000        0x0 CAN_module_controller.o
 .data          0x00000000        0x0 CAN_module_controller.o
 .bss           0x00000000        0x0 CAN_module_controller.o
 .text.CAN_module_request_send
                0x00000000       0x16 CAN_module_controller.o
 .text.CAN_module_read_status
                0x00000000       0x1c CAN_module_controller.o
 .text.CAN_module_bit_modify
                0x00000000       0x34 CAN_module_controller.o
 .text          0x00000000        0x0 game.o
 .data          0x00000000        0x0 game.o
 .bss           0x00000000        0x0 game.o
 .text          0x00000000        0x0 main.o
 .data          0x00000000        0x0 main.o
 .bss           0x00000000        0x0 main.o
 .text          0x00000000        0x0 OLED_control.o
 .data          0x00000000        0x0 OLED_control.o
 .bss           0x00000000        0x0 OLED_control.o
 .text.OLED_set_brightness
                0x00000000        0x2 OLED_control.o
 .text.OLED_clear_char
                0x00000000       0x1e OLED_control.o
 .text.OLED_fill_line
                0x00000000       0x2c OLED_control.o
 .progmem.data.font4
                0x00000000      0x17c OLED_control.o
 .progmem.data.font5
                0x00000000      0x1db OLED_control.o
 .text          0x00000000        0x0 OLED_menu.o
 .data          0x00000000        0x0 OLED_menu.o
 .bss           0x00000000        0x0 OLED_menu.o
 .text          0x00000000        0x0 SPI_control.o
 .data          0x00000000        0x0 SPI_control.o
 .bss           0x00000000        0x0 SPI_control.o
 .rodata.str1.1
                0x00000000       0x43 SPI_control.o
 .text.SPI_test
                0x00000000       0xb2 SPI_control.o
 .text          0x00000000        0x0 SRAM_Control.o
 .data          0x00000000        0x0 SRAM_Control.o
 .bss           0x00000000        0x0 SRAM_Control.o
 .rodata.str1.1
                0x00000000       0xec SRAM_Control.o
 .text.SRAM_test
                0x00000000       0xde SRAM_Control.o
 .debug_info    0x00000000      0x170 SRAM_Control.o
 .debug_abbrev  0x00000000       0xaa SRAM_Control.o
 .debug_loc     0x00000000      0x15a SRAM_Control.o
 .debug_aranges
                0x00000000       0x20 SRAM_Control.o
 .debug_ranges  0x00000000       0x40 SRAM_Control.o
 .debug_line    0x00000000      0x157 SRAM_Control.o
 .debug_str     0x00000000      0x212 SRAM_Control.o
 .comment       0x00000000       0x31 SRAM_Control.o
 .debug_frame   0x00000000       0x70 SRAM_Control.o
 .text          0x00000000        0x0 UART_Control.o
 .data          0x00000000        0x0 UART_Control.o
 .bss           0x00000000        0x0 UART_Control.o
 .text          0x00000000        0x0 c:/program files (x86)/atmel/studio/7.0/toolchain/avr8/avr8-gnu-toolchain/bin/../lib/gcc/avr/5.4.0/../../../../avr/lib/avr5\libm.a(addsf3.o)
 .data          0x00000000        0x0 c:/program files (x86)/atmel/studio/7.0/toolchain/avr8/avr8-gnu-toolchain/bin/../lib/gcc/avr/5.4.0/../../../../avr/lib/avr5\libm.a(addsf3.o)
 .bss           0x00000000        0x0 c:/program files (x86)/atmel/studio/7.0/toolchain/avr8/avr8-gnu-toolchain/bin/../lib/gcc/avr/5.4.0/../../../../avr/lib/avr5\libm.a(addsf3.o)
 .text          0x00000000        0x0 c:/program files (x86)/atmel/studio/7.0/toolchain/avr8/avr8-gnu-toolchain/bin/../lib/gcc/avr/5.4.0/../../../../avr/lib/avr5\libm.a(addsf3x.o)
 .data          0x00000000        0x0 c:/program files (x86)/atmel/studio/7.0/toolchain/avr8/avr8-gnu-toolchain/bin/../lib/gcc/avr/5.4.0/../../../../avr/lib/avr5\libm.a(addsf3x.o)
 .bss           0x00000000        0x0 c:/program files (x86)/atmel/studio/7.0/toolchain/avr8/avr8-gnu-toolchain/bin/../lib/gcc/avr/5.4.0/../../../../avr/lib/avr5\libm.a(addsf3x.o)
 .text          0x00000000        0x0 c:/program files (x86)/atmel/studio/7.0/toolchain/avr8/avr8-gnu-toolchain/bin/../lib/gcc/avr/5.4.0/../../../../avr/lib/avr5\libm.a(divsf3.o)
 .data          0x00000000        0x0 c:/program files (x86)/atmel/studio/7.0/toolchain/avr8/avr8-gnu-toolchain/bin/../lib/gcc/avr/5.4.0/../../../../avr/lib/avr5\libm.a(divsf3.o)
 .bss           0x00000000        0x0 c:/program files (x86)/atmel/studio/7.0/toolchain/avr8/avr8-gnu-toolchain/bin/../lib/gcc/avr/5.4.0/../../../../avr/lib/avr5\libm.a(divsf3.o)
 .text          0x00000000        0x0 c:/program files (x86)/atmel/studio/7.0/toolchain/avr8/avr8-gnu-toolchain/bin/../lib/gcc/avr/5.4.0/../../../../avr/lib/avr5\libm.a(divsf3x.o)
 .data          0x00000000        0x0 c:/program files (x86)/atmel/studio/7.0/toolchain/avr8/avr8-gnu-toolchain/bin/../lib/gcc/avr/5.4.0/../../../../avr/lib/avr5\libm.a(divsf3x.o)
 .bss           0x00000000        0x0 c:/program files (x86)/atmel/studio/7.0/toolchain/avr8/avr8-gnu-toolchain/bin/../lib/gcc/avr/5.4.0/../../../../avr/lib/avr5\libm.a(divsf3x.o)
 .text          0x00000000        0x0 c:/program files (x86)/atmel/studio/7.0/toolchain/avr8/avr8-gnu-toolchain/bin/../lib/gcc/avr/5.4.0/../../../../avr/lib/avr5\libm.a(fixsfsi.o)
 .data          0x00000000        0x0 c:/program files (x86)/atmel/studio/7.0/toolchain/avr8/avr8-gnu-toolchain/bin/../lib/gcc/avr/5.4.0/../../../../avr/lib/avr5\libm.a(fixsfsi.o)
 .bss           0x00000000        0x0 c:/program files (x86)/atmel/studio/7.0/toolchain/avr8/avr8-gnu-toolchain/bin/../lib/gcc/avr/5.4.0/../../../../avr/lib/avr5\libm.a(fixsfsi.o)
 .text          0x00000000        0x0 c:/program files (x86)/atmel/studio/7.0/toolchain/avr8/avr8-gnu-toolchain/bin/../lib/gcc/avr/5.4.0/../../../../avr/lib/avr5\libm.a(fixunssfsi.o)
 .data          0x00000000        0x0 c:/program files (x86)/atmel/studio/7.0/toolchain/avr8/avr8-gnu-toolchain/bin/../lib/gcc/avr/5.4.0/../../../../avr/lib/avr5\libm.a(fixunssfsi.o)
 .bss           0x00000000        0x0 c:/program files (x86)/atmel/studio/7.0/toolchain/avr8/avr8-gnu-toolchain/bin/../lib/gcc/avr/5.4.0/../../../../avr/lib/avr5\libm.a(fixunssfsi.o)
 .text          0x00000000        0x0 c:/program files (x86)/atmel/studio/7.0/toolchain/avr8/avr8-gnu-toolchain/bin/../lib/gcc/avr/5.4.0/../../../../avr/lib/avr5\libm.a(floatsisf.o)
 .data          0x00000000        0x0 c:/program files (x86)/atmel/studio/7.0/toolchain/avr8/avr8-gnu-toolchain/bin/../lib/gcc/avr/5.4.0/../../../../avr/lib/avr5\libm.a(floatsisf.o)
 .bss           0x00000000        0x0 c:/program files (x86)/atmel/studio/7.0/toolchain/avr8/avr8-gnu-toolchain/bin/../lib/gcc/avr/5.4.0/../../../../avr/lib/avr5\libm.a(floatsisf.o)
 .text          0x00000000        0x0 c:/program files (x86)/atmel/studio/7.0/toolchain/avr8/avr8-gnu-toolchain/bin/../lib/gcc/avr/5.4.0/../../../../avr/lib/avr5\libm.a(fp_inf.o)
 .data          0x00000000        0x0 c:/program files (x86)/atmel/studio/7.0/toolchain/avr8/avr8-gnu-toolchain/bin/../lib/gcc/avr/5.4.0/../../../../avr/lib/avr5\libm.a(fp_inf.o)
 .bss           0x00000000        0x0 c:/program files (x86)/atmel/studio/7.0/toolchain/avr8/avr8-gnu-toolchain/bin/../lib/gcc/avr/5.4.0/../../../../avr/lib/avr5\libm.a(fp_inf.o)
 .text          0x00000000        0x0 c:/program files (x86)/atmel/studio/7.0/toolchain/avr8/avr8-gnu-toolchain/bin/../lib/gcc/avr/5.4.0/../../../../avr/lib/avr5\libm.a(fp_nan.o)
 .data          0x00000000        0x0 c:/program files (x86)/atmel/studio/7.0/toolchain/avr8/avr8-gnu-toolchain/bin/../lib/gcc/avr/5.4.0/../../../../avr/lib/avr5\libm.a(fp_nan.o)
 .bss           0x00000000        0x0 c:/program files (x86)/atmel/studio/7.0/toolchain/avr8/avr8-gnu-toolchain/bin/../lib/gcc/avr/5.4.0/../../../../avr/lib/avr5\libm.a(fp_nan.o)
 .text          0x00000000        0x0 c:/program files (x86)/atmel/studio/7.0/toolchain/avr8/avr8-gnu-toolchain/bin/../lib/gcc/avr/5.4.0/../../../../avr/lib/avr5\libm.a(fp_pscA.o)
 .data          0x00000000        0x0 c:/program files (x86)/atmel/studio/7.0/toolchain/avr8/avr8-gnu-toolchain/bin/../lib/gcc/avr/5.4.0/../../../../avr/lib/avr5\libm.a(fp_pscA.o)
 .bss           0x00000000        0x0 c:/program files (x86)/atmel/studio/7.0/toolchain/avr8/avr8-gnu-toolchain/bin/../lib/gcc/avr/5.4.0/../../../../avr/lib/avr5\libm.a(fp_pscA.o)
 .text          0x00000000        0x0 c:/program files (x86)/atmel/studio/7.0/toolchain/avr8/avr8-gnu-toolchain/bin/../lib/gcc/avr/5.4.0/../../../../avr/lib/avr5\libm.a(fp_pscB.o)
 .data          0x00000000        0x0 c:/program files (x86)/atmel/studio/7.0/toolchain/avr8/avr8-gnu-toolchain/bin/../lib/gcc/avr/5.4.0/../../../../avr/lib/avr5\libm.a(fp_pscB.o)
 .bss           0x00000000        0x0 c:/program files (x86)/atmel/studio/7.0/toolchain/avr8/avr8-gnu-toolchain/bin/../lib/gcc/avr/5.4.0/../../../../avr/lib/avr5\libm.a(fp_pscB.o)
 .text          0x00000000        0x0 c:/program files (x86)/atmel/studio/7.0/toolchain/avr8/avr8-gnu-toolchain/bin/../lib/gcc/avr/5.4.0/../../../../avr/lib/avr5\libm.a(fp_round.o)
 .data          0x00000000        0x0 c:/program files (x86)/atmel/studio/7.0/toolchain/avr8/avr8-gnu-toolchain/bin/../lib/gcc/avr/5.4.0/../../../../avr/lib/avr5\libm.a(fp_round.o)
 .bss           0x00000000        0x0 c:/program files (x86)/atmel/studio/7.0/toolchain/avr8/avr8-gnu-toolchain/bin/../lib/gcc/avr/5.4.0/../../../../avr/lib/avr5\libm.a(fp_round.o)
 .text          0x00000000        0x0 c:/program files (x86)/atmel/studio/7.0/toolchain/avr8/avr8-gnu-toolchain/bin/../lib/gcc/avr/5.4.0/../../../../avr/lib/avr5\libm.a(fp_split3.o)
 .data          0x00000000        0x0 c:/program files (x86)/atmel/studio/7.0/toolchain/avr8/avr8-gnu-toolchain/bin/../lib/gcc/avr/5.4.0/../../../../avr/lib/avr5\libm.a(fp_split3.o)
 .bss           0x00000000        0x0 c:/program files (x86)/atmel/studio/7.0/toolchain/avr8/avr8-gnu-toolchain/bin/../lib/gcc/avr/5.4.0/../../../../avr/lib/avr5\libm.a(fp_split3.o)
 .text          0x00000000        0x0 c:/program files (x86)/atmel/studio/7.0/toolchain/avr8/avr8-gnu-toolchain/bin/../lib/gcc/avr/5.4.0/../../../../avr/lib/avr5\libm.a(fp_zero.o)
 .data          0x00000000        0x0 c:/program files (x86)/atmel/studio/7.0/toolchain/avr8/avr8-gnu-toolchain/bin/../lib/gcc/avr/5.4.0/../../../../avr/lib/avr5\libm.a(fp_zero.o)
 .bss           0x00000000        0x0 c:/program files (x86)/atmel/studio/7.0/toolchain/avr8/avr8-gnu-toolchain/bin/../lib/gcc/avr/5.4.0/../../../../avr/lib/avr5\libm.a(fp_zero.o)
 .text          0x00000000        0x0 c:/program files (x86)/atmel/studio/7.0/toolchain/avr8/avr8-gnu-toolchain/bin/../lib/gcc/avr/5.4.0/../../../../avr/lib/avr5\libm.a(mulsf3.o)
 .data          0x00000000        0x0 c:/program files (x86)/atmel/studio/7.0/toolchain/avr8/avr8-gnu-toolchain/bin/../lib/gcc/avr/5.4.0/../../../../avr/lib/avr5\libm.a(mulsf3.o)
 .bss           0x00000000        0x0 c:/program files (x86)/atmel/studio/7.0/toolchain/avr8/avr8-gnu-toolchain/bin/../lib/gcc/avr/5.4.0/../../../../avr/lib/avr5\libm.a(mulsf3.o)
 .text          0x00000000        0x0 c:/program files (x86)/atmel/studio/7.0/toolchain/avr8/avr8-gnu-toolchain/bin/../lib/gcc/avr/5.4.0/../../../../avr/lib/avr5\libm.a(mulsf3x.o)
 .data          0x00000000        0x0 c:/program files (x86)/atmel/studio/7.0/toolchain/avr8/avr8-gnu-toolchain/bin/../lib/gcc/avr/5.4.0/../../../../avr/lib/avr5\libm.a(mulsf3x.o)
 .bss           0x00000000        0x0 c:/program files (x86)/atmel/studio/7.0/toolchain/avr8/avr8-gnu-toolchain/bin/../lib/gcc/avr/5.4.0/../../../../avr/lib/avr5\libm.a(mulsf3x.o)
 .text          0x00000000        0x0 c:/program files (x86)/atmel/studio/7.0/toolchain/avr8/avr8-gnu-toolchain/bin/../lib/gcc/avr/5.4.0/avr5\libgcc.a(_divmodhi4.o)
 .data          0x00000000        0x0 c:/program files (x86)/atmel/studio/7.0/toolchain/avr8/avr8-gnu-toolchain/bin/../lib/gcc/avr/5.4.0/avr5\libgcc.a(_divmodhi4.o)
 .bss           0x00000000        0x0 c:/program files (x86)/atmel/studio/7.0/toolchain/avr8/avr8-gnu-toolchain/bin/../lib/gcc/avr/5.4.0/avr5\libgcc.a(_divmodhi4.o)
 .text.libgcc.mul
                0x00000000        0x0 c:/program files (x86)/atmel/studio/7.0/toolchain/avr8/avr8-gnu-toolchain/bin/../lib/gcc/avr/5.4.0/avr5\libgcc.a(_divmodhi4.o)
 .text.libgcc   0x00000000        0x0 c:/program files (x86)/atmel/studio/7.0/toolchain/avr8/avr8-gnu-toolchain/bin/../lib/gcc/avr/5.4.0/avr5\libgcc.a(_divmodhi4.o)
 .text.libgcc.prologue
                0x00000000        0x0 c:/program files (x86)/atmel/studio/7.0/toolchain/avr8/avr8-gnu-toolchain/bin/../lib/gcc/avr/5.4.0/avr5\libgcc.a(_divmodhi4.o)
 .text.libgcc.builtins
                0x00000000        0x0 c:/program files (x86)/atmel/studio/7.0/toolchain/avr8/avr8-gnu-toolchain/bin/../lib/gcc/avr/5.4.0/avr5\libgcc.a(_divmodhi4.o)
 .text.libgcc.fmul
                0x00000000        0x0 c:/program files (x86)/atmel/studio/7.0/toolchain/avr8/avr8-gnu-toolchain/bin/../lib/gcc/avr/5.4.0/avr5\libgcc.a(_divmodhi4.o)
 .text.libgcc.fixed
                0x00000000        0x0 c:/program files (x86)/atmel/studio/7.0/toolchain/avr8/avr8-gnu-toolchain/bin/../lib/gcc/avr/5.4.0/avr5\libgcc.a(_divmodhi4.o)
 .text          0x00000000        0x0 c:/program files (x86)/atmel/studio/7.0/toolchain/avr8/avr8-gnu-toolchain/bin/../lib/gcc/avr/5.4.0/avr5\libgcc.a(_exit.o)
 .data          0x00000000        0x0 c:/program files (x86)/atmel/studio/7.0/toolchain/avr8/avr8-gnu-toolchain/bin/../lib/gcc/avr/5.4.0/avr5\libgcc.a(_exit.o)
 .bss           0x00000000        0x0 c:/program files (x86)/atmel/studio/7.0/toolchain/avr8/avr8-gnu-toolchain/bin/../lib/gcc/avr/5.4.0/avr5\libgcc.a(_exit.o)
 .text.libgcc.mul
                0x00000000        0x0 c:/program files (x86)/atmel/studio/7.0/toolchain/avr8/avr8-gnu-toolchain/bin/../lib/gcc/avr/5.4.0/avr5\libgcc.a(_exit.o)
 .text.libgcc.div
                0x00000000        0x0 c:/program files (x86)/atmel/studio/7.0/toolchain/avr8/avr8-gnu-toolchain/bin/../lib/gcc/avr/5.4.0/avr5\libgcc.a(_exit.o)
 .text.libgcc   0x00000000        0x0 c:/program files (x86)/atmel/studio/7.0/toolchain/avr8/avr8-gnu-toolchain/bin/../lib/gcc/avr/5.4.0/avr5\libgcc.a(_exit.o)
 .text.libgcc.prologue
                0x00000000        0x0 c:/program files (x86)/atmel/studio/7.0/toolchain/avr8/avr8-gnu-toolchain/bin/../lib/gcc/avr/5.4.0/avr5\libgcc.a(_exit.o)
 .text.libgcc.builtins
                0x00000000        0x0 c:/program files (x86)/atmel/studio/7.0/toolchain/avr8/avr8-gnu-toolchain/bin/../lib/gcc/avr/5.4.0/avr5\libgcc.a(_exit.o)
 .text.libgcc.fmul
                0x00000000        0x0 c:/program files (x86)/atmel/studio/7.0/toolchain/avr8/avr8-gnu-toolchain/bin/../lib/gcc/avr/5.4.0/avr5\libgcc.a(_exit.o)
 .text.libgcc.fixed
                0x00000000        0x0 c:/program files (x86)/atmel/studio/7.0/toolchain/avr8/avr8-gnu-toolchain/bin/../lib/gcc/avr/5.4.0/avr5\libgcc.a(_exit.o)
 .text          0x00000000        0x0 c:/program files (x86)/atmel/studio/7.0/toolchain/avr8/avr8-gnu-toolchain/bin/../lib/gcc/avr/5.4.0/avr5\libgcc.a(_tablejump2.o)
 .data          0x00000000        0x0 c:/program files (x86)/atmel/studio/7.0/toolchain/avr8/avr8-gnu-toolchain/bin/../lib/gcc/avr/5.4.0/avr5\libgcc.a(_tablejump2.o)
 .bss           0x00000000        0x0 c:/program files (x86)/atmel/studio/7.0/toolchain/avr8/avr8-gnu-toolchain/bin/../lib/gcc/avr/5.4.0/avr5\libgcc.a(_tablejump2.o)
 .text.libgcc.mul
                0x00000000        0x0 c:/program files (x86)/atmel/studio/7.0/toolchain/avr8/avr8-gnu-toolchain/bin/../lib/gcc/avr/5.4.0/avr5\libgcc.a(_tablejump2.o)
 .text.libgcc.div
                0x00000000        0x0 c:/program files (x86)/atmel/studio/7.0/toolchain/avr8/avr8-gnu-toolchain/bin/../lib/gcc/avr/5.4.0/avr5\libgcc.a(_tablejump2.o)
 .text.libgcc.prologue
                0x00000000        0x0 c:/program files (x86)/atmel/studio/7.0/toolchain/avr8/avr8-gnu-toolchain/bin/../lib/gcc/avr/5.4.0/avr5\libgcc.a(_tablejump2.o)
 .text.libgcc.builtins
                0x00000000        0x0 c:/program files (x86)/atmel/studio/7.0/toolchain/avr8/avr8-gnu-toolchain/bin/../lib/gcc/avr/5.4.0/avr5\libgcc.a(_tablejump2.o)
 .text.libgcc.fmul
                0x00000000        0x0 c:/program files (x86)/atmel/studio/7.0/toolchain/avr8/avr8-gnu-toolchain/bin/../lib/gcc/avr/5.4.0/avr5\libgcc.a(_tablejump2.o)
 .text.libgcc.fixed
                0x00000000        0x0 c:/program files (x86)/atmel/studio/7.0/toolchain/avr8/avr8-gnu-toolchain/bin/../lib/gcc/avr/5.4.0/avr5\libgcc.a(_tablejump2.o)
 .text          0x00000000        0x0 c:/program files (x86)/atmel/studio/7.0/toolchain/avr8/avr8-gnu-toolchain/bin/../lib/gcc/avr/5.4.0/avr5\libgcc.a(_copy_data.o)
 .data          0x00000000        0x0 c:/program files (x86)/atmel/studio/7.0/toolchain/avr8/avr8-gnu-toolchain/bin/../lib/gcc/avr/5.4.0/avr5\libgcc.a(_copy_data.o)
 .bss           0x00000000        0x0 c:/program files (x86)/atmel/studio/7.0/toolchain/avr8/avr8-gnu-toolchain/bin/../lib/gcc/avr/5.4.0/avr5\libgcc.a(_copy_data.o)
 .text.libgcc.mul
                0x00000000        0x0 c:/program files (x86)/atmel/studio/7.0/toolchain/avr8/avr8-gnu-toolchain/bin/../lib/gcc/avr/5.4.0/avr5\libgcc.a(_copy_data.o)
 .text.libgcc.div
                0x00000000        0x0 c:/program files (x86)/atmel/studio/7.0/toolchain/avr8/avr8-gnu-toolchain/bin/../lib/gcc/avr/5.4.0/avr5\libgcc.a(_copy_data.o)
 .text.libgcc   0x00000000        0x0 c:/program files (x86)/atmel/studio/7.0/toolchain/avr8/avr8-gnu-toolchain/bin/../lib/gcc/avr/5.4.0/avr5\libgcc.a(_copy_data.o)
 .text.libgcc.prologue
                0x00000000        0x0 c:/program files (x86)/atmel/studio/7.0/toolchain/avr8/avr8-gnu-toolchain/bin/../lib/gcc/avr/5.4.0/avr5\libgcc.a(_copy_data.o)
 .text.libgcc.builtins
                0x00000000        0x0 c:/program files (x86)/atmel/studio/7.0/toolchain/avr8/avr8-gnu-toolchain/bin/../lib/gcc/avr/5.4.0/avr5\libgcc.a(_copy_data.o)
 .text.libgcc.fmul
                0x00000000        0x0 c:/program files (x86)/atmel/studio/7.0/toolchain/avr8/avr8-gnu-toolchain/bin/../lib/gcc/avr/5.4.0/avr5\libgcc.a(_copy_data.o)
 .text.libgcc.fixed
                0x00000000        0x0 c:/program files (x86)/atmel/studio/7.0/toolchain/avr8/avr8-gnu-toolchain/bin/../lib/gcc/avr/5.4.0/avr5\libgcc.a(_copy_data.o)
 .text          0x00000000        0x0 c:/program files (x86)/atmel/studio/7.0/toolchain/avr8/avr8-gnu-toolchain/bin/../lib/gcc/avr/5.4.0/avr5\libgcc.a(_clear_bss.o)
 .data          0x00000000        0x0 c:/program files (x86)/atmel/studio/7.0/toolchain/avr8/avr8-gnu-toolchain/bin/../lib/gcc/avr/5.4.0/avr5\libgcc.a(_clear_bss.o)
 .bss           0x00000000        0x0 c:/program files (x86)/atmel/studio/7.0/toolchain/avr8/avr8-gnu-toolchain/bin/../lib/gcc/avr/5.4.0/avr5\libgcc.a(_clear_bss.o)
 .text.libgcc.mul
                0x00000000        0x0 c:/program files (x86)/atmel/studio/7.0/toolchain/avr8/avr8-gnu-toolchain/bin/../lib/gcc/avr/5.4.0/avr5\libgcc.a(_clear_bss.o)
 .text.libgcc.div
                0x00000000        0x0 c:/program files (x86)/atmel/studio/7.0/toolchain/avr8/avr8-gnu-toolchain/bin/../lib/gcc/avr/5.4.0/avr5\libgcc.a(_clear_bss.o)
 .text.libgcc   0x00000000        0x0 c:/program files (x86)/atmel/studio/7.0/toolchain/avr8/avr8-gnu-toolchain/bin/../lib/gcc/avr/5.4.0/avr5\libgcc.a(_clear_bss.o)
 .text.libgcc.prologue
                0x00000000        0x0 c:/program files (x86)/atmel/studio/7.0/toolchain/avr8/avr8-gnu-toolchain/bin/../lib/gcc/avr/5.4.0/avr5\libgcc.a(_clear_bss.o)
 .text.libgcc.builtins
                0x00000000        0x0 c:/program files (x86)/atmel/studio/7.0/toolchain/avr8/avr8-gnu-toolchain/bin/../lib/gcc/avr/5.4.0/avr5\libgcc.a(_clear_bss.o)
 .text.libgcc.fmul
                0x00000000        0x0 c:/program files (x86)/atmel/studio/7.0/toolchain/avr8/avr8-gnu-toolchain/bin/../lib/gcc/avr/5.4.0/avr5\libgcc.a(_clear_bss.o)
 .text.libgcc.fixed
                0x00000000        0x0 c:/program files (x86)/atmel/studio/7.0/toolchain/avr8/avr8-gnu-toolchain/bin/../lib/gcc/avr/5.4.0/avr5\libgcc.a(_clear_bss.o)
 .text          0x00000000        0x0 c:/program files (x86)/atmel/studio/7.0/toolchain/avr8/avr8-gnu-toolchain/bin/../lib/gcc/avr/5.4.0/avr5\libgcc.a(_udivmodhi4.o)
 .data          0x00000000        0x0 c:/program files (x86)/atmel/studio/7.0/toolchain/avr8/avr8-gnu-toolchain/bin/../lib/gcc/avr/5.4.0/avr5\libgcc.a(_udivmodhi4.o)
 .bss           0x00000000        0x0 c:/program files (x86)/atmel/studio/7.0/toolchain/avr8/avr8-gnu-toolchain/bin/../lib/gcc/avr/5.4.0/avr5\libgcc.a(_udivmodhi4.o)
 .text.libgcc.mul
                0x00000000        0x0 c:/program files (x86)/atmel/studio/7.0/toolchain/avr8/avr8-gnu-toolchain/bin/../lib/gcc/avr/5.4.0/avr5\libgcc.a(_udivmodhi4.o)
 .text.libgcc   0x00000000        0x0 c:/program files (x86)/atmel/studio/7.0/toolchain/avr8/avr8-gnu-toolchain/bin/../lib/gcc/avr/5.4.0/avr5\libgcc.a(_udivmodhi4.o)
 .text.libgcc.prologue
                0x00000000        0x0 c:/program files (x86)/atmel/studio/7.0/toolchain/avr8/avr8-gnu-toolchain/bin/../lib/gcc/avr/5.4.0/avr5\libgcc.a(_udivmodhi4.o)
 .text.libgcc.builtins
                0x00000000        0x0 c:/program files (x86)/atmel/studio/7.0/toolchain/avr8/avr8-gnu-toolchain/bin/../lib/gcc/avr/5.4.0/avr5\libgcc.a(_udivmodhi4.o)
 .text.libgcc.fmul
                0x00000000        0x0 c:/program files (x86)/atmel/studio/7.0/toolchain/avr8/avr8-gnu-toolchain/bin/../lib/gcc/avr/5.4.0/avr5\libgcc.a(_udivmodhi4.o)
 .text.libgcc.fixed
                0x00000000        0x0 c:/program files (x86)/atmel/studio/7.0/toolchain/avr8/avr8-gnu-toolchain/bin/../lib/gcc/avr/5.4.0/avr5\libgcc.a(_udivmodhi4.o)
 .text          0x00000000        0x0 c:/program files (x86)/atmel/studio/7.0/toolchain/avr8/avr8-gnu-toolchain/bin/../lib/gcc/avr/5.4.0/../../../../avr/lib/avr5\libc.a(rand.o)
 .data          0x00000000        0x4 c:/program files (x86)/atmel/studio/7.0/toolchain/avr8/avr8-gnu-toolchain/bin/../lib/gcc/avr/5.4.0/../../../../avr/lib/avr5\libc.a(rand.o)
 .bss           0x00000000        0x0 c:/program files (x86)/atmel/studio/7.0/toolchain/avr8/avr8-gnu-toolchain/bin/../lib/gcc/avr/5.4.0/../../../../avr/lib/avr5\libc.a(rand.o)
 .text.avr-libc
                0x00000000       0xb8 c:/program files (x86)/atmel/studio/7.0/toolchain/avr8/avr8-gnu-toolchain/bin/../lib/gcc/avr/5.4.0/../../../../avr/lib/avr5\libc.a(rand.o)
 .comment       0x00000000       0x31 c:/program files (x86)/atmel/studio/7.0/toolchain/avr8/avr8-gnu-toolchain/bin/../lib/gcc/avr/5.4.0/../../../../avr/lib/avr5\libc.a(rand.o)
 .text          0x00000000        0x0 c:/program files (x86)/atmel/studio/7.0/toolchain/avr8/avr8-gnu-toolchain/bin/../lib/gcc/avr/5.4.0/../../../../avr/lib/avr5\libc.a(fdevopen.o)
 .data          0x00000000        0x0 c:/program files (x86)/atmel/studio/7.0/toolchain/avr8/avr8-gnu-toolchain/bin/../lib/gcc/avr/5.4.0/../../../../avr/lib/avr5\libc.a(fdevopen.o)
 .bss           0x00000000        0x0 c:/program files (x86)/atmel/studio/7.0/toolchain/avr8/avr8-gnu-toolchain/bin/../lib/gcc/avr/5.4.0/../../../../avr/lib/avr5\libc.a(fdevopen.o)
 .text          0x00000000        0x0 c:/program files (x86)/atmel/studio/7.0/toolchain/avr8/avr8-gnu-toolchain/bin/../lib/gcc/avr/5.4.0/../../../../avr/lib/avr5\libc.a(iob.o)
 .data          0x00000000        0x0 c:/program files (x86)/atmel/studio/7.0/toolchain/avr8/avr8-gnu-toolchain/bin/../lib/gcc/avr/5.4.0/../../../../avr/lib/avr5\libc.a(iob.o)
 .bss           0x00000000        0x0 c:/program files (x86)/atmel/studio/7.0/toolchain/avr8/avr8-gnu-toolchain/bin/../lib/gcc/avr/5.4.0/../../../../avr/lib/avr5\libc.a(iob.o)
 .text          0x00000000        0x0 c:/program files (x86)/atmel/studio/7.0/toolchain/avr8/avr8-gnu-toolchain/bin/../lib/gcc/avr/5.4.0/../../../../avr/lib/avr5\libc.a(printf.o)
 .data          0x00000000        0x0 c:/program files (x86)/atmel/studio/7.0/toolchain/avr8/avr8-gnu-toolchain/bin/../lib/gcc/avr/5.4.0/../../../../avr/lib/avr5\libc.a(printf.o)
 .bss           0x00000000        0x0 c:/program files (x86)/atmel/studio/7.0/toolchain/avr8/avr8-gnu-toolchain/bin/../lib/gcc/avr/5.4.0/../../../../avr/lib/avr5\libc.a(printf.o)
 .text          0x00000000        0x0 c:/program files (x86)/atmel/studio/7.0/toolchain/avr8/avr8-gnu-toolchain/bin/../lib/gcc/avr/5.4.0/../../../../avr/lib/avr5\libc.a(puts.o)
 .data          0x00000000        0x0 c:/program files (x86)/atmel/studio/7.0/toolchain/avr8/avr8-gnu-toolchain/bin/../lib/gcc/avr/5.4.0/../../../../avr/lib/avr5\libc.a(puts.o)
 .bss           0x00000000        0x0 c:/program files (x86)/atmel/studio/7.0/toolchain/avr8/avr8-gnu-toolchain/bin/../lib/gcc/avr/5.4.0/../../../../avr/lib/avr5\libc.a(puts.o)
 .text          0x00000000        0x0 c:/program files (x86)/atmel/studio/7.0/toolchain/avr8/avr8-gnu-toolchain/bin/../lib/gcc/avr/5.4.0/../../../../avr/lib/avr5\libc.a(vfprintf_std.o)
 .data          0x00000000        0x0 c:/program files (x86)/atmel/studio/7.0/toolchain/avr8/avr8-gnu-toolchain/bin/../lib/gcc/avr/5.4.0/../../../../avr/lib/avr5\libc.a(vfprintf_std.o)
 .bss           0x00000000        0x0 c:/program files (x86)/atmel/studio/7.0/toolchain/avr8/avr8-gnu-toolchain/bin/../lib/gcc/avr/5.4.0/../../../../avr/lib/avr5\libc.a(vfprintf_std.o)
 .text          0x00000000        0x0 c:/program files (x86)/atmel/studio/7.0/toolchain/avr8/avr8-gnu-toolchain/bin/../lib/gcc/avr/5.4.0/../../../../avr/lib/avr5\libc.a(calloc.o)
 .data          0x00000000        0x0 c:/program files (x86)/atmel/studio/7.0/toolchain/avr8/avr8-gnu-toolchain/bin/../lib/gcc/avr/5.4.0/../../../../avr/lib/avr5\libc.a(calloc.o)
 .bss           0x00000000        0x0 c:/program files (x86)/atmel/studio/7.0/toolchain/avr8/avr8-gnu-toolchain/bin/../lib/gcc/avr/5.4.0/../../../../avr/lib/avr5\libc.a(calloc.o)
 .text          0x00000000        0x0 c:/program files (x86)/atmel/studio/7.0/toolchain/avr8/avr8-gnu-toolchain/bin/../lib/gcc/avr/5.4.0/../../../../avr/lib/avr5\libc.a(malloc.o)
 .bss           0x00000000        0x0 c:/program files (x86)/atmel/studio/7.0/toolchain/avr8/avr8-gnu-toolchain/bin/../lib/gcc/avr/5.4.0/../../../../avr/lib/avr5\libc.a(malloc.o)
 .text          0x00000000        0x0 c:/program files (x86)/atmel/studio/7.0/toolchain/avr8/avr8-gnu-toolchain/bin/../lib/gcc/avr/5.4.0/../../../../avr/lib/avr5\libc.a(strnlen_P.o)
 .data          0x00000000        0x0 c:/program files (x86)/atmel/studio/7.0/toolchain/avr8/avr8-gnu-toolchain/bin/../lib/gcc/avr/5.4.0/../../../../avr/lib/avr5\libc.a(strnlen_P.o)
 .bss           0x00000000        0x0 c:/program files (x86)/atmel/studio/7.0/toolchain/avr8/avr8-gnu-toolchain/bin/../lib/gcc/avr/5.4.0/../../../../avr/lib/avr5\libc.a(strnlen_P.o)
 .text          0x00000000        0x0 c:/program files (x86)/atmel/studio/7.0/toolchain/avr8/avr8-gnu-toolchain/bin/../lib/gcc/avr/5.4.0/../../../../avr/lib/avr5\libc.a(memset.o)
 .data          0x00000000        0x0 c:/program files (x86)/atmel/studio/7.0/toolchain/avr8/avr8-gnu-toolchain/bin/../lib/gcc/avr/5.4.0/../../../../avr/lib/avr5\libc.a(memset.o)
 .bss           0x00000000        0x0 c:/program files (x86)/atmel/studio/7.0/toolchain/avr8/avr8-gnu-toolchain/bin/../lib/gcc/avr/5.4.0/../../../../avr/lib/avr5\libc.a(memset.o)
 .text          0x00000000        0x0 c:/program files (x86)/atmel/studio/7.0/toolchain/avr8/avr8-gnu-toolchain/bin/../lib/gcc/avr/5.4.0/../../../../avr/lib/avr5\libc.a(strnlen.o)
 .data          0x00000000        0x0 c:/program files (x86)/atmel/studio/7.0/toolchain/avr8/avr8-gnu-toolchain/bin/../lib/gcc/avr/5.4.0/../../../../avr/lib/avr5\libc.a(strnlen.o)
 .bss           0x00000000        0x0 c:/program files (x86)/atmel/studio/7.0/toolchain/avr8/avr8-gnu-toolchain/bin/../lib/gcc/avr/5.4.0/../../../../avr/lib/avr5\libc.a(strnlen.o)
 .text          0x00000000        0x0 c:/program files (x86)/atmel/studio/7.0/toolchain/avr8/avr8-gnu-toolchain/bin/../lib/gcc/avr/5.4.0/../../../../avr/lib/avr5\libc.a(fputc.o)
 .data          0x00000000        0x0 c:/program files (x86)/atmel/studio/7.0/toolchain/avr8/avr8-gnu-toolchain/bin/../lib/gcc/avr/5.4.0/../../../../avr/lib/avr5\libc.a(fputc.o)
 .bss           0x00000000        0x0 c:/program files (x86)/atmel/studio/7.0/toolchain/avr8/avr8-gnu-toolchain/bin/../lib/gcc/avr/5.4.0/../../../../avr/lib/avr5\libc.a(fputc.o)
 .text          0x00000000        0x0 c:/program files (x86)/atmel/studio/7.0/toolchain/avr8/avr8-gnu-toolchain/bin/../lib/gcc/avr/5.4.0/../../../../avr/lib/avr5\libc.a(ultoa_invert.o)
 .data          0x00000000        0x0 c:/program files (x86)/atmel/studio/7.0/toolchain/avr8/avr8-gnu-toolchain/bin/../lib/gcc/avr/5.4.0/../../../../avr/lib/avr5\libc.a(ultoa_invert.o)
 .bss           0x00000000        0x0 c:/program files (x86)/atmel/studio/7.0/toolchain/avr8/avr8-gnu-toolchain/bin/../lib/gcc/avr/5.4.0/../../../../avr/lib/avr5\libc.a(ultoa_invert.o)
 .text          0x00000000        0x0 c:/program files (x86)/atmel/studio/7.0/toolchain/avr8/avr8-gnu-toolchain/bin/../lib/gcc/avr/5.4.0/avr5\libgcc.a(_divmodsi4.o)
 .data          0x00000000        0x0 c:/program files (x86)/atmel/studio/7.0/toolchain/avr8/avr8-gnu-toolchain/bin/../lib/gcc/avr/5.4.0/avr5\libgcc.a(_divmodsi4.o)
 .bss           0x00000000        0x0 c:/program files (x86)/atmel/studio/7.0/toolchain/avr8/avr8-gnu-toolchain/bin/../lib/gcc/avr/5.4.0/avr5\libgcc.a(_divmodsi4.o)
 .text.libgcc.mul
                0x00000000        0x0 c:/program files (x86)/atmel/studio/7.0/toolchain/avr8/avr8-gnu-toolchain/bin/../lib/gcc/avr/5.4.0/avr5\libgcc.a(_divmodsi4.o)
 .text.libgcc.div
                0x00000000       0x2e c:/program files (x86)/atmel/studio/7.0/toolchain/avr8/avr8-gnu-toolchain/bin/../lib/gcc/avr/5.4.0/avr5\libgcc.a(_divmodsi4.o)
 .text.libgcc   0x00000000        0x0 c:/program files (x86)/atmel/studio/7.0/toolchain/avr8/avr8-gnu-toolchain/bin/../lib/gcc/avr/5.4.0/avr5\libgcc.a(_divmodsi4.o)
 .text.libgcc.prologue
                0x00000000        0x0 c:/program files (x86)/atmel/studio/7.0/toolchain/avr8/avr8-gnu-toolchain/bin/../lib/gcc/avr/5.4.0/avr5\libgcc.a(_divmodsi4.o)
 .text.libgcc.builtins
                0x00000000        0x0 c:/program files (x86)/atmel/studio/7.0/toolchain/avr8/avr8-gnu-toolchain/bin/../lib/gcc/avr/5.4.0/avr5\libgcc.a(_divmodsi4.o)
 .text.libgcc.fmul
                0x00000000        0x0 c:/program files (x86)/atmel/studio/7.0/toolchain/avr8/avr8-gnu-toolchain/bin/../lib/gcc/avr/5.4.0/avr5\libgcc.a(_divmodsi4.o)
 .text.libgcc.fixed
                0x00000000        0x0 c:/program files (x86)/atmel/studio/7.0/toolchain/avr8/avr8-gnu-toolchain/bin/../lib/gcc/avr/5.4.0/avr5\libgcc.a(_divmodsi4.o)
 .text          0x00000000        0x0 c:/program files (x86)/atmel/studio/7.0/toolchain/avr8/avr8-gnu-toolchain/bin/../lib/gcc/avr/5.4.0/avr5\libgcc.a(_negsi2.o)
 .data          0x00000000        0x0 c:/program files (x86)/atmel/studio/7.0/toolchain/avr8/avr8-gnu-toolchain/bin/../lib/gcc/avr/5.4.0/avr5\libgcc.a(_negsi2.o)
 .bss           0x00000000        0x0 c:/program files (x86)/atmel/studio/7.0/toolchain/avr8/avr8-gnu-toolchain/bin/../lib/gcc/avr/5.4.0/avr5\libgcc.a(_negsi2.o)
 .text.libgcc.mul
                0x00000000        0x0 c:/program files (x86)/atmel/studio/7.0/toolchain/avr8/avr8-gnu-toolchain/bin/../lib/gcc/avr/5.4.0/avr5\libgcc.a(_negsi2.o)
 .text.libgcc.div
                0x00000000       0x10 c:/program files (x86)/atmel/studio/7.0/toolchain/avr8/avr8-gnu-toolchain/bin/../lib/gcc/avr/5.4.0/avr5\libgcc.a(_negsi2.o)
 .text.libgcc   0x00000000        0x0 c:/program files (x86)/atmel/studio/7.0/toolchain/avr8/avr8-gnu-toolchain/bin/../lib/gcc/avr/5.4.0/avr5\libgcc.a(_negsi2.o)
 .text.libgcc.prologue
                0x00000000        0x0 c:/program files (x86)/atmel/studio/7.0/toolchain/avr8/avr8-gnu-toolchain/bin/../lib/gcc/avr/5.4.0/avr5\libgcc.a(_negsi2.o)
 .text.libgcc.builtins
                0x00000000        0x0 c:/program files (x86)/atmel/studio/7.0/toolchain/avr8/avr8-gnu-toolchain/bin/../lib/gcc/avr/5.4.0/avr5\libgcc.a(_negsi2.o)
 .text.libgcc.fmul
                0x00000000        0x0 c:/program files (x86)/atmel/studio/7.0/toolchain/avr8/avr8-gnu-toolchain/bin/../lib/gcc/avr/5.4.0/avr5\libgcc.a(_negsi2.o)
 .text.libgcc.fixed
                0x00000000        0x0 c:/program files (x86)/atmel/studio/7.0/toolchain/avr8/avr8-gnu-toolchain/bin/../lib/gcc/avr/5.4.0/avr5\libgcc.a(_negsi2.o)
 .text          0x00000000        0x0 c:/program files (x86)/atmel/studio/7.0/toolchain/avr8/avr8-gnu-toolchain/bin/../lib/gcc/avr/5.4.0/avr5\libgcc.a(_muluhisi3.o)
 .data          0x00000000        0x0 c:/program files (x86)/atmel/studio/7.0/toolchain/avr8/avr8-gnu-toolchain/bin/../lib/gcc/avr/5.4.0/avr5\libgcc.a(_muluhisi3.o)
 .bss           0x00000000        0x0 c:/program files (x86)/atmel/studio/7.0/toolchain/avr8/avr8-gnu-toolchain/bin/../lib/gcc/avr/5.4.0/avr5\libgcc.a(_muluhisi3.o)
 .text.libgcc.mul
                0x00000000       0x16 c:/program files (x86)/atmel/studio/7.0/toolchain/avr8/avr8-gnu-toolchain/bin/../lib/gcc/avr/5.4.0/avr5\libgcc.a(_muluhisi3.o)
 .text.libgcc.div
                0x00000000        0x0 c:/program files (x86)/atmel/studio/7.0/toolchain/avr8/avr8-gnu-toolchain/bin/../lib/gcc/avr/5.4.0/avr5\libgcc.a(_muluhisi3.o)
 .text.libgcc   0x00000000        0x0 c:/program files (x86)/atmel/studio/7.0/toolchain/avr8/avr8-gnu-toolchain/bin/../lib/gcc/avr/5.4.0/avr5\libgcc.a(_muluhisi3.o)
 .text.libgcc.prologue
                0x00000000        0x0 c:/program files (x86)/atmel/studio/7.0/toolchain/avr8/avr8-gnu-toolchain/bin/../lib/gcc/avr/5.4.0/avr5\libgcc.a(_muluhisi3.o)
 .text.libgcc.builtins
                0x00000000        0x0 c:/program files (x86)/atmel/studio/7.0/toolchain/avr8/avr8-gnu-toolchain/bin/../lib/gcc/avr/5.4.0/avr5\libgcc.a(_muluhisi3.o)
 .text.libgcc.fmul
                0x00000000        0x0 c:/program files (x86)/atmel/studio/7.0/toolchain/avr8/avr8-gnu-toolchain/bin/../lib/gcc/avr/5.4.0/avr5\libgcc.a(_muluhisi3.o)
 .text.libgcc.fixed
                0x00000000        0x0 c:/program files (x86)/atmel/studio/7.0/toolchain/avr8/avr8-gnu-toolchain/bin/../lib/gcc/avr/5.4.0/avr5\libgcc.a(_muluhisi3.o)
 .text          0x00000000        0x0 c:/program files (x86)/atmel/studio/7.0/toolchain/avr8/avr8-gnu-toolchain/bin/../lib/gcc/avr/5.4.0/avr5\libgcc.a(_mulshisi3.o)
 .data          0x00000000        0x0 c:/program files (x86)/atmel/studio/7.0/toolchain/avr8/avr8-gnu-toolchain/bin/../lib/gcc/avr/5.4.0/avr5\libgcc.a(_mulshisi3.o)
 .bss           0x00000000        0x0 c:/program files (x86)/atmel/studio/7.0/toolchain/avr8/avr8-gnu-toolchain/bin/../lib/gcc/avr/5.4.0/avr5\libgcc.a(_mulshisi3.o)
 .text.libgcc.mul
                0x00000000       0x10 c:/program files (x86)/atmel/studio/7.0/toolchain/avr8/avr8-gnu-toolchain/bin/../lib/gcc/avr/5.4.0/avr5\libgcc.a(_mulshisi3.o)
 .text.libgcc.div
                0x00000000        0x0 c:/program files (x86)/atmel/studio/7.0/toolchain/avr8/avr8-gnu-toolchain/bin/../lib/gcc/avr/5.4.0/avr5\libgcc.a(_mulshisi3.o)
 .text.libgcc   0x00000000        0x0 c:/program files (x86)/atmel/studio/7.0/toolchain/avr8/avr8-gnu-toolchain/bin/../lib/gcc/avr/5.4.0/avr5\libgcc.a(_mulshisi3.o)
 .text.libgcc.prologue
                0x00000000        0x0 c:/program files (x86)/atmel/studio/7.0/toolchain/avr8/avr8-gnu-toolchain/bin/../lib/gcc/avr/5.4.0/avr5\libgcc.a(_mulshisi3.o)
 .text.libgcc.builtins
                0x00000000        0x0 c:/program files (x86)/atmel/studio/7.0/toolchain/avr8/avr8-gnu-toolchain/bin/../lib/gcc/avr/5.4.0/avr5\libgcc.a(_mulshisi3.o)
 .text.libgcc.fmul
                0x00000000        0x0 c:/program files (x86)/atmel/studio/7.0/toolchain/avr8/avr8-gnu-toolchain/bin/../lib/gcc/avr/5.4.0/avr5\libgcc.a(_mulshisi3.o)
 .text.libgcc.fixed
                0x00000000        0x0 c:/program files (x86)/atmel/studio/7.0/toolchain/avr8/avr8-gnu-toolchain/bin/../lib/gcc/avr/5.4.0/avr5\libgcc.a(_mulshisi3.o)
 .text          0x00000000        0x0 c:/program files (x86)/atmel/studio/7.0/toolchain/avr8/avr8-gnu-toolchain/bin/../lib/gcc/avr/5.4.0/avr5\libgcc.a(_prologue.o)
 .data          0x00000000        0x0 c:/program files (x86)/atmel/studio/7.0/toolchain/avr8/avr8-gnu-toolchain/bin/../lib/gcc/avr/5.4.0/avr5\libgcc.a(_prologue.o)
 .bss           0x00000000        0x0 c:/program files (x86)/atmel/studio/7.0/toolchain/avr8/avr8-gnu-toolchain/bin/../lib/gcc/avr/5.4.0/avr5\libgcc.a(_prologue.o)
 .text.libgcc.mul
                0x00000000        0x0 c:/program files (x86)/atmel/studio/7.0/toolchain/avr8/avr8-gnu-toolchain/bin/../lib/gcc/avr/5.4.0/avr5\libgcc.a(_prologue.o)
 .text.libgcc.div
                0x00000000        0x0 c:/program files (x86)/atmel/studio/7.0/toolchain/avr8/avr8-gnu-toolchain/bin/../lib/gcc/avr/5.4.0/avr5\libgcc.a(_prologue.o)
 .text.libgcc   0x00000000        0x0 c:/program files (x86)/atmel/studio/7.0/toolchain/avr8/avr8-gnu-toolchain/bin/../lib/gcc/avr/5.4.0/avr5\libgcc.a(_prologue.o)
 .text.libgcc.builtins
                0x00000000        0x0 c:/program files (x86)/atmel/studio/7.0/toolchain/avr8/avr8-gnu-toolchain/bin/../lib/gcc/avr/5.4.0/avr5\libgcc.a(_prologue.o)
 .text.libgcc.fmul
                0x00000000        0x0 c:/program files (x86)/atmel/studio/7.0/toolchain/avr8/avr8-gnu-toolchain/bin/../lib/gcc/avr/5.4.0/avr5\libgcc.a(_prologue.o)
 .text.libgcc.fixed
                0x00000000        0x0 c:/program files (x86)/atmel/studio/7.0/toolchain/avr8/avr8-gnu-toolchain/bin/../lib/gcc/avr/5.4.0/avr5\libgcc.a(_prologue.o)
 .text          0x00000000        0x0 c:/program files (x86)/atmel/studio/7.0/toolchain/avr8/avr8-gnu-toolchain/bin/../lib/gcc/avr/5.4.0/avr5\libgcc.a(_epilogue.o)
 .data          0x00000000        0x0 c:/program files (x86)/atmel/studio/7.0/toolchain/avr8/avr8-gnu-toolchain/bin/../lib/gcc/avr/5.4.0/avr5\libgcc.a(_epilogue.o)
 .bss           0x00000000        0x0 c:/program files (x86)/atmel/studio/7.0/toolchain/avr8/avr8-gnu-toolchain/bin/../lib/gcc/avr/5.4.0/avr5\libgcc.a(_epilogue.o)
 .text.libgcc.mul
                0x00000000        0x0 c:/program files (x86)/atmel/studio/7.0/toolchain/avr8/avr8-gnu-toolchain/bin/../lib/gcc/avr/5.4.0/avr5\libgcc.a(_epilogue.o)
 .text.libgcc.div
                0x00000000        0x0 c:/program files (x86)/atmel/studio/7.0/toolchain/avr8/avr8-gnu-toolchain/bin/../lib/gcc/avr/5.4.0/avr5\libgcc.a(_epilogue.o)
 .text.libgcc   0x00000000        0x0 c:/program files (x86)/atmel/studio/7.0/toolchain/avr8/avr8-gnu-toolchain/bin/../lib/gcc/avr/5.4.0/avr5\libgcc.a(_epilogue.o)
 .text.libgcc.builtins
                0x00000000        0x0 c:/program files (x86)/atmel/studio/7.0/toolchain/avr8/avr8-gnu-toolchain/bin/../lib/gcc/avr/5.4.0/avr5\libgcc.a(_epilogue.o)
 .text.libgcc.fmul
                0x00000000        0x0 c:/program files (x86)/atmel/studio/7.0/toolchain/avr8/avr8-gnu-toolchain/bin/../lib/gcc/avr/5.4.0/avr5\libgcc.a(_epilogue.o)
 .text.libgcc.fixed
                0x00000000        0x0 c:/program files (x86)/atmel/studio/7.0/toolchain/avr8/avr8-gnu-toolchain/bin/../lib/gcc/avr/5.4.0/avr5\libgcc.a(_epilogue.o)
 .text          0x00000000        0x0 c:/program files (x86)/atmel/studio/7.0/toolchain/avr8/avr8-gnu-toolchain/bin/../lib/gcc/avr/5.4.0/avr5\libgcc.a(_udivmodsi4.o)
 .data          0x00000000        0x0 c:/program files (x86)/atmel/studio/7.0/toolchain/avr8/avr8-gnu-toolchain/bin/../lib/gcc/avr/5.4.0/avr5\libgcc.a(_udivmodsi4.o)
 .bss           0x00000000        0x0 c:/program files (x86)/atmel/studio/7.0/toolchain/avr8/avr8-gnu-toolchain/bin/../lib/gcc/avr/5.4.0/avr5\libgcc.a(_udivmodsi4.o)
 .text.libgcc.mul
                0x00000000        0x0 c:/program files (x86)/atmel/studio/7.0/toolchain/avr8/avr8-gnu-toolchain/bin/../lib/gcc/avr/5.4.0/avr5\libgcc.a(_udivmodsi4.o)
 .text.libgcc.div
                0x00000000       0x44 c:/program files (x86)/atmel/studio/7.0/toolchain/avr8/avr8-gnu-toolchain/bin/../lib/gcc/avr/5.4.0/avr5\libgcc.a(_udivmodsi4.o)
 .text.libgcc   0x00000000        0x0 c:/program files (x86)/atmel/studio/7.0/toolchain/avr8/avr8-gnu-toolchain/bin/../lib/gcc/avr/5.4.0/avr5\libgcc.a(_udivmodsi4.o)
 .text.libgcc.prologue
                0x00000000        0x0 c:/program files (x86)/atmel/studio/7.0/toolchain/avr8/avr8-gnu-toolchain/bin/../lib/gcc/avr/5.4.0/avr5\libgcc.a(_udivmodsi4.o)
 .text.libgcc.builtins
                0x00000000        0x0 c:/program files (x86)/atmel/studio/7.0/toolchain/avr8/avr8-gnu-toolchain/bin/../lib/gcc/avr/5.4.0/avr5\libgcc.a(_udivmodsi4.o)
 .text.libgcc.fmul
                0x00000000        0x0 c:/program files (x86)/atmel/studio/7.0/toolchain/avr8/avr8-gnu-toolchain/bin/../lib/gcc/avr/5.4.0/avr5\libgcc.a(_udivmodsi4.o)
 .text.libgcc.fixed
                0x00000000        0x0 c:/program files (x86)/atmel/studio/7.0/toolchain/avr8/avr8-gnu-toolchain/bin/../lib/gcc/avr/5.4.0/avr5\libgcc.a(_udivmodsi4.o)
 .text          0x00000000        0x0 c:/program files (x86)/atmel/studio/7.0/toolchain/avr8/avr8-gnu-toolchain/bin/../lib/gcc/avr/5.4.0/avr5\libgcc.a(_umulhisi3.o)
 .data          0x00000000        0x0 c:/program files (x86)/atmel/studio/7.0/toolchain/avr8/avr8-gnu-toolchain/bin/../lib/gcc/avr/5.4.0/avr5\libgcc.a(_umulhisi3.o)
 .bss           0x00000000        0x0 c:/program files (x86)/atmel/studio/7.0/toolchain/avr8/avr8-gnu-toolchain/bin/../lib/gcc/avr/5.4.0/avr5\libgcc.a(_umulhisi3.o)
 .text.libgcc.mul
                0x00000000       0x1e c:/program files (x86)/atmel/studio/7.0/toolchain/avr8/avr8-gnu-toolchain/bin/../lib/gcc/avr/5.4.0/avr5\libgcc.a(_umulhisi3.o)
 .text.libgcc.div
                0x00000000        0x0 c:/program files (x86)/atmel/studio/7.0/toolchain/avr8/avr8-gnu-toolchain/bin/../lib/gcc/avr/5.4.0/avr5\libgcc.a(_umulhisi3.o)
 .text.libgcc   0x00000000        0x0 c:/program files (x86)/atmel/studio/7.0/toolchain/avr8/avr8-gnu-toolchain/bin/../lib/gcc/avr/5.4.0/avr5\libgcc.a(_umulhisi3.o)
 .text.libgcc.prologue
                0x00000000        0x0 c:/program files (x86)/atmel/studio/7.0/toolchain/avr8/avr8-gnu-toolchain/bin/../lib/gcc/avr/5.4.0/avr5\libgcc.a(_umulhisi3.o)
 .text.libgcc.builtins
                0x00000000        0x0 c:/program files (x86)/atmel/studio/7.0/toolchain/avr8/avr8-gnu-toolchain/bin/../lib/gcc/avr/5.4.0/avr5\libgcc.a(_umulhisi3.o)
 .text.libgcc.fmul
                0x00000000        0x0 c:/program files (x86)/atmel/studio/7.0/toolchain/avr8/avr8-gnu-toolchain/bin/../lib/gcc/avr/5.4.0/avr5\libgcc.a(_umulhisi3.o)
 .text.libgcc.fixed
                0x00000000        0x0 c:/program files (x86)/atmel/studio/7.0/toolchain/avr8/avr8-gnu-toolchain/bin/../lib/gcc/avr/5.4.0/avr5\libgcc.a(_umulhisi3.o)

Memory Configuration

Name             Origin             Length             Attributes
text             0x00000000         0x00004000         xr
data             0x00800100         0x00000400         rw !x
eeprom           0x00810000         0x00000200         rw !x
fuse             0x00820000         0x00000003         rw !x
lock             0x00830000         0x00000400         rw !x
signature        0x00840000         0x00000400         rw !x
user_signatures  0x00850000         0x00000400         rw !x
*default*        0x00000000         0xffffffff

Linker script and memory map

Address of section .data set to 0x800100
LOAD C:/Program Files (x86)/Atmel/Studio/7.0/Packs/atmel/ATmega_DFP/1.7.374/gcc/dev/atmega162/avr5/crtatmega162.o
LOAD ADC_control.o
LOAD CAN_controller.o
LOAD CAN_module_controller.o
LOAD game.o
LOAD main.o
LOAD OLED_control.o
LOAD OLED_menu.o
LOAD SPI_control.o
LOAD SRAM_Control.o
LOAD UART_Control.o
START GROUP
LOAD c:/program files (x86)/atmel/studio/7.0/toolchain/avr8/avr8-gnu-toolchain/bin/../lib/gcc/avr/5.4.0/../../../../avr/lib/avr5\libm.a
END GROUP
START GROUP
LOAD c:/program files (x86)/atmel/studio/7.0/toolchain/avr8/avr8-gnu-toolchain/bin/../lib/gcc/avr/5.4.0/avr5\libgcc.a
LOAD c:/program files (x86)/atmel/studio/7.0/toolchain/avr8/avr8-gnu-toolchain/bin/../lib/gcc/avr/5.4.0/../../../../avr/lib/avr5\libm.a
LOAD c:/program files (x86)/atmel/studio/7.0/toolchain/avr8/avr8-gnu-toolchain/bin/../lib/gcc/avr/5.4.0/../../../../avr/lib/avr5\libc.a
LOAD C:/Program Files (x86)/Atmel/Studio/7.0/Packs/atmel/ATmega_DFP/1.7.374/gcc/dev/atmega162/avr5\libatmega162.a
END GROUP
                0x00000000                __TEXT_REGION_ORIGIN__ = DEFINED (__TEXT_REGION_ORIGIN__)?__TEXT_REGION_ORIGIN__:0x0
                [0x00800100]                __DATA_REGION_ORIGIN__ = DEFINED (__DATA_REGION_ORIGIN__)?__DATA_REGION_ORIGIN__:0x800060
                [0x00004000]                __TEXT_REGION_LENGTH__ = DEFINED (__TEXT_REGION_LENGTH__)?__TEXT_REGION_LENGTH__:0x20000
                [0x00000400]                __DATA_REGION_LENGTH__ = DEFINED (__DATA_REGION_LENGTH__)?__DATA_REGION_LENGTH__:0xffa0
                [0x00000200]                __EEPROM_REGION_LENGTH__ = DEFINED (__EEPROM_REGION_LENGTH__)?__EEPROM_REGION_LENGTH__:0x10000
                [0x00000003]                __FUSE_REGION_LENGTH__ = DEFINED (__FUSE_REGION_LENGTH__)?__FUSE_REGION_LENGTH__:0x400
                0x00000400                __LOCK_REGION_LENGTH__ = DEFINED (__LOCK_REGION_LENGTH__)?__LOCK_REGION_LENGTH__:0x400
                0x00000400                __SIGNATURE_REGION_LENGTH__ = DEFINED (__SIGNATURE_REGION_LENGTH__)?__SIGNATURE_REGION_LENGTH__:0x400
                0x00000400                __USER_SIGNATURE_REGION_LENGTH__ = DEFINED (__USER_SIGNATURE_REGION_LENGTH__)?__USER_SIGNATURE_REGION_LENGTH__:0x400

.hash
 *(.hash)

.dynsym
 *(.dynsym)

.dynstr
 *(.dynstr)

.gnu.version
 *(.gnu.version)

.gnu.version_d
 *(.gnu.version_d)

.gnu.version_r
 *(.gnu.version_r)

.rel.init
 *(.rel.init)

.rela.init
 *(.rela.init)

.rel.text
 *(.rel.text)
 *(.rel.text.*)
 *(.rel.gnu.linkonce.t*)

.rela.text
 *(.rela.text)
 *(.rela.text.*)
 *(.rela.gnu.linkonce.t*)

.rel.fini
 *(.rel.fini)

.rela.fini
 *(.rela.fini)

.rel.rodata
 *(.rel.rodata)
 *(.rel.rodata.*)
 *(.rel.gnu.linkonce.r*)

.rela.rodata
 *(.rela.rodata)
 *(.rela.rodata.*)
 *(.rela.gnu.linkonce.r*)

.rel.data
 *(.rel.data)
 *(.rel.data.*)
 *(.rel.gnu.linkonce.d*)

.rela.data
 *(.rela.data)
 *(.rela.data.*)
 *(.rela.gnu.linkonce.d*)

.rel.ctors
 *(.rel.ctors)

.rela.ctors
 *(.rela.ctors)

.rel.dtors
 *(.rel.dtors)

.rela.dtors
 *(.rela.dtors)

.rel.got
 *(.rel.got)

.rela.got
 *(.rela.got)

.rel.bss
 *(.rel.bss)

.rela.bss
 *(.rela.bss)

.rel.plt
 *(.rel.plt)

.rela.plt
 *(.rela.plt)

.text           0x00000000     0x27c8
 *(.vectors)
 .vectors       0x00000000       0x70 C:/Program Files (x86)/Atmel/Studio/7.0/Packs/atmel/ATmega_DFP/1.7.374/gcc/dev/atmega162/avr5/crtatmega162.o
                0x00000000                __vector_default
                0x00000000                __vectors
 *(.vectors)
 *(.progmem.gcc*)
 .progmem.gcc_sw_table.users_menu
                0x00000070        0xe OLED_menu.o
 .progmem.gcc_sw_table.hs_menu
                0x0000007e        0xe OLED_menu.o
 .progmem.gcc_sw_table.diff_menu
                0x0000008c        0xe OLED_menu.o
 .progmem.gcc_sw_table.main_menu
                0x0000009a        0xe OLED_menu.o
                0x000000a8                . = ALIGN (0x2)
                0x000000a8                __trampolines_start = .
 *(.trampolines)
 .trampolines   0x000000a8        0x0 linker stubs
 *(.trampolines*)
                0x000000a8                __trampolines_end = .
 *libprintf_flt.a:*(.progmem.data)
 *libc.a:*(.progmem.data)
 *(.progmem*)
 .progmem.data.font8
                0x000000a8      0x2f8 OLED_control.o
                0x000000a8                font8
                0x000003a0                . = ALIGN (0x2)
 *(.jumptables)
 *(.jumptables*)
 *(.lowtext)
 *(.lowtext*)
                0x000003a0                __ctors_start = .
 *(.ctors)
                0x000003a0                __ctors_end = .
                0x000003a0                __dtors_start = .
 *(.dtors)
                0x000003a0                __dtors_end = .
 SORT(*)(.ctors)
 SORT(*)(.dtors)
 *(.init0)
 .init0         0x000003a0        0x0 C:/Program Files (x86)/Atmel/Studio/7.0/Packs/atmel/ATmega_DFP/1.7.374/gcc/dev/atmega162/avr5/crtatmega162.o
                0x000003a0                __init
 *(.init0)
 *(.init1)
 *(.init1)
 *(.init2)
 .init2         0x000003a0        0xc C:/Program Files (x86)/Atmel/Studio/7.0/Packs/atmel/ATmega_DFP/1.7.374/gcc/dev/atmega162/avr5/crtatmega162.o
 *(.init2)
 *(.init3)
 *(.init3)
 *(.init4)
 .init4         0x000003ac       0x16 c:/program files (x86)/atmel/studio/7.0/toolchain/avr8/avr8-gnu-toolchain/bin/../lib/gcc/avr/5.4.0/avr5\libgcc.a(_copy_data.o)
                0x000003ac                __do_copy_data
 .init4         0x000003c2       0x10 c:/program files (x86)/atmel/studio/7.0/toolchain/avr8/avr8-gnu-toolchain/bin/../lib/gcc/avr/5.4.0/avr5\libgcc.a(_clear_bss.o)
                0x000003c2                __do_clear_bss
 *(.init4)
 *(.init5)
 *(.init5)
 *(.init6)
 *(.init6)
 *(.init7)
 *(.init7)
 *(.init8)
 *(.init8)
 *(.init9)
 .init9         0x000003d2        0x8 C:/Program Files (x86)/Atmel/Studio/7.0/Packs/atmel/ATmega_DFP/1.7.374/gcc/dev/atmega162/avr5/crtatmega162.o
 *(.init9)
 *(.text)
 .text          0x000003da        0x4 C:/Program Files (x86)/Atmel/Studio/7.0/Packs/atmel/ATmega_DFP/1.7.374/gcc/dev/atmega162/avr5/crtatmega162.o
                0x000003da                __vector_22
                0x000003da                __vector_24
                0x000003da                __vector_12
                0x000003da                __bad_interrupt
                0x000003da                __vector_6
                0x000003da                __vector_3
                0x000003da                __vector_23
                0x000003da                __vector_25
                0x000003da                __vector_11
                0x000003da                __vector_13
                0x000003da                __vector_17
                0x000003da                __vector_19
                0x000003da                __vector_7
                0x000003da                __vector_27
                0x000003da                __vector_5
                0x000003da                __vector_4
                0x000003da                __vector_9
                0x000003da                __vector_2
                0x000003da                __vector_21
                0x000003da                __vector_8
                0x000003da                __vector_26
                0x000003da                __vector_14
                0x000003da                __vector_10
                0x000003da                __vector_16
                0x000003da                __vector_18
                0x000003da                __vector_20
                0x000003de                . = ALIGN (0x2)
 *(.text.*)
 .text.__vector_15
                0x000003de      0x2a0 ADC_control.o
                0x000003de                __vector_15
 .text.adc_init
                0x0000067e      0x3ba ADC_control.o
                0x0000067e                adc_init
 .text.__vector_1
                0x00000a38       0x1e CAN_controller.o
                0x00000a38                __vector_1
 .text.CAN_init
                0x00000a56       0x44 CAN_controller.o
                0x00000a56                CAN_init
 .text.CAN_send_message
                0x00000a9a       0x68 CAN_controller.o
                0x00000a9a                CAN_send_message
 .text.CAN_recieve_message
                0x00000b02       0x70 CAN_controller.o
                0x00000b02                CAN_recieve_message
 .text.CAN_module_activate_cs
                0x00000b72        0x4 CAN_module_controller.o
                0x00000b72                CAN_module_activate_cs
 .text.CAN_module_deactivate_cs
                0x00000b76        0x6 CAN_module_controller.o
                0x00000b76                CAN_module_deactivate_cs
 .text.CAN_module_read
                0x00000b7c       0x24 CAN_module_controller.o
                0x00000b7c                CAN_module_read
 .text.CAN_module_write
                0x00000ba0       0x28 CAN_module_controller.o
                0x00000ba0                CAN_module_write
 .text.CAN_module_reset
                0x00000bc8       0x1c CAN_module_controller.o
                0x00000bc8                CAN_module_reset
 .text.CAN_module_init
                0x00000be4        0xe CAN_module_controller.o
                0x00000be4                CAN_module_init
 .text.control  0x00000bf2       0x60 game.o
                0x00000bf2                control
 .text.score    0x00000c52       0x62 game.o
                0x00000c52                score
 .text.main     0x00000cb4       0xda main.o
                0x00000cb4                main
 .text.OLED_Write_Command
                0x00000d8e        0xc OLED_control.o
                0x00000d8e                OLED_Write_Command
 .text.OLED_Write_Data
                0x00000d9a        0xc OLED_control.o
                0x00000d9a                OLED_Write_Data
 .text.fix_oled_pos
                0x00000da6       0x22 OLED_control.o
                0x00000da6                fix_oled_pos
 .text.oled_write
                0x00000dc8       0x52 OLED_control.o
                0x00000dc8                oled_write
 .text.set_addressingMode
                0x00000e1a       0x14 OLED_control.o
                0x00000e1a                set_addressingMode
 .text.OLED_goto_line
                0x00000e2e       0x36 OLED_control.o
                0x00000e2e                OLED_goto_line
 .text.OLED_goto_column
                0x00000e64       0x48 OLED_control.o
                0x00000e64                OLED_goto_column
 .text.OLED_goto_pos
                0x00000eac       0x12 OLED_control.o
                0x00000eac                OLED_goto_pos
 .text.OLED_home
                0x00000ebe        0xe OLED_control.o
                0x00000ebe                OLED_home
 .text.OLED_clear_line
                0x00000ecc       0x2c OLED_control.o
                0x00000ecc                OLED_clear_line
 .text.OLED_reset
                0x00000ef8       0x1c OLED_control.o
                0x00000ef8                OLED_reset
 .text.OLED_init
                0x00000f14       0x8a OLED_control.o
                0x00000f14                OLED_init
 .text.OLED_clear_arrow
                0x00000f9e       0x30 OLED_control.o
                0x00000f9e                OLED_clear_arrow
 .text.OLED_print_arrow
                0x00000fce       0x24 OLED_control.o
                0x00000fce                OLED_print_arrow
 .text.oled_printf
                0x00000ff2       0x24 OLED_control.o
                0x00000ff2                oled_printf
 .text.OLED_center
                0x00001016       0x28 OLED_control.o
                0x00001016                OLED_center
 .text.play_menu
                0x0000103e       0xd4 OLED_menu.o
                0x0000103e                play_menu
 .text.users_menu
                0x00001112      0x20c OLED_menu.o
                0x00001112                users_menu
 .text.hs_menu  0x0000131e      0x20c OLED_menu.o
                0x0000131e                hs_menu
 .text.diff_menu
                0x0000152a      0x1fc OLED_menu.o
                0x0000152a                diff_menu
 .text.main_menu
                0x00001726      0x29e OLED_menu.o
                0x00001726                main_menu
 .text.SPI_Init
                0x000019c4        0xe SPI_control.o
                0x000019c4                SPI_Init
 .text.SPI_Transmit
                0x000019d2        0x8 SPI_control.o
                0x000019d2                SPI_Transmit
 .text.SPI_Recieve
                0x000019da        0xa SPI_control.o
                0x000019da                SPI_Recieve
 .text.uart_start
                0x000019e4       0x14 UART_Control.o
                0x000019e4                uart_start
 .text.uart_transmit
                0x000019f8        0xc UART_Control.o
                0x000019f8                uart_transmit
 .text.uart_recieve
                0x00001a04        0xa UART_Control.o
                0x00001a04                uart_recieve
 .text.avr-libc.fplib
                0x00001a0e        0xe c:/program files (x86)/atmel/studio/7.0/toolchain/avr8/avr8-gnu-toolchain/bin/../lib/gcc/avr/5.4.0/../../../../avr/lib/avr5\libm.a(addsf3.o)
                0x00001a0e                __subsf3
                0x00001a10                __addsf3
 .text.avr-libc.fplib
                0x00001a1c       0xcc c:/program files (x86)/atmel/studio/7.0/toolchain/avr8/avr8-gnu-toolchain/bin/../lib/gcc/avr/5.4.0/../../../../avr/lib/avr5\libm.a(addsf3x.o)
                0x00001a3e                __addsf3x
 .text.avr-libc.fplib
                0x00001ae8        0x8 c:/program files (x86)/atmel/studio/7.0/toolchain/avr8/avr8-gnu-toolchain/bin/../lib/gcc/avr/5.4.0/../../../../avr/lib/avr5\libm.a(divsf3.o)
                0x00001ae8                __divsf3
 .text.avr-libc.fplib
                0x00001af0       0xdc c:/program files (x86)/atmel/studio/7.0/toolchain/avr8/avr8-gnu-toolchain/bin/../lib/gcc/avr/5.4.0/../../../../avr/lib/avr5\libm.a(divsf3x.o)
                0x00001b10                __divsf3x
                0x00001b16                __divsf3_pse
 .text.avr-libc.fplib
                0x00001bcc        0xe c:/program files (x86)/atmel/studio/7.0/toolchain/avr8/avr8-gnu-toolchain/bin/../lib/gcc/avr/5.4.0/../../../../avr/lib/avr5\libm.a(fixsfsi.o)
                0x00001bcc                __fixsfsi
 .text.avr-libc.fplib
                0x00001bda       0x5e c:/program files (x86)/atmel/studio/7.0/toolchain/avr8/avr8-gnu-toolchain/bin/../lib/gcc/avr/5.4.0/../../../../avr/lib/avr5\libm.a(fixunssfsi.o)
                0x00001bda                __fixunssfsi
 .text.avr-libc.fplib
                0x00001c38       0x7a c:/program files (x86)/atmel/studio/7.0/toolchain/avr8/avr8-gnu-toolchain/bin/../lib/gcc/avr/5.4.0/../../../../avr/lib/avr5\libm.a(floatsisf.o)
                0x00001c38                __floatunsisf
                0x00001c3c                __floatsisf
 .text.avr-libc.fplib
                0x00001cb2        0xc c:/program files (x86)/atmel/studio/7.0/toolchain/avr8/avr8-gnu-toolchain/bin/../lib/gcc/avr/5.4.0/../../../../avr/lib/avr5\libm.a(fp_inf.o)
                0x00001cb2                __fp_inf
 .text.avr-libc.fplib
                0x00001cbe        0x6 c:/program files (x86)/atmel/studio/7.0/toolchain/avr8/avr8-gnu-toolchain/bin/../lib/gcc/avr/5.4.0/../../../../avr/lib/avr5\libm.a(fp_nan.o)
                0x00001cbe                __fp_nan
 .text.avr-libc.fplib
                0x00001cc4        0xe c:/program files (x86)/atmel/studio/7.0/toolchain/avr8/avr8-gnu-toolchain/bin/../lib/gcc/avr/5.4.0/../../../../avr/lib/avr5\libm.a(fp_pscA.o)
                0x00001cc4                __fp_pscA
 .text.avr-libc.fplib
                0x00001cd2        0xe c:/program files (x86)/atmel/studio/7.0/toolchain/avr8/avr8-gnu-toolchain/bin/../lib/gcc/avr/5.4.0/../../../../avr/lib/avr5\libm.a(fp_pscB.o)
                0x00001cd2                __fp_pscB
 .text.avr-libc.fplib
                0x00001ce0       0x22 c:/program files (x86)/atmel/studio/7.0/toolchain/avr8/avr8-gnu-toolchain/bin/../lib/gcc/avr/5.4.0/../../../../avr/lib/avr5\libm.a(fp_round.o)
                0x00001ce0                __fp_round
 .text.avr-libc.fplib
                0x00001d02       0x44 c:/program files (x86)/atmel/studio/7.0/toolchain/avr8/avr8-gnu-toolchain/bin/../lib/gcc/avr/5.4.0/../../../../avr/lib/avr5\libm.a(fp_split3.o)
                0x00001d02                __fp_split3
                0x00001d12                __fp_splitA
 .text.avr-libc.fplib
                0x00001d46        0xe c:/program files (x86)/atmel/studio/7.0/toolchain/avr8/avr8-gnu-toolchain/bin/../lib/gcc/avr/5.4.0/../../../../avr/lib/avr5\libm.a(fp_zero.o)
                0x00001d46                __fp_zero
                0x00001d48                __fp_szero
 .text.avr-libc.fplib
                0x00001d54        0x8 c:/program files (x86)/atmel/studio/7.0/toolchain/avr8/avr8-gnu-toolchain/bin/../lib/gcc/avr/5.4.0/../../../../avr/lib/avr5\libm.a(mulsf3.o)
                0x00001d54                __mulsf3
 .text.avr-libc.fplib
                0x00001d5c       0xd2 c:/program files (x86)/atmel/studio/7.0/toolchain/avr8/avr8-gnu-toolchain/bin/../lib/gcc/avr/5.4.0/../../../../avr/lib/avr5\libm.a(mulsf3x.o)
                0x00001d7a                __mulsf3x
                0x00001d80                __mulsf3_pse
 .text.libgcc.div
                0x00001e2e       0x28 c:/program files (x86)/atmel/studio/7.0/toolchain/avr8/avr8-gnu-toolchain/bin/../lib/gcc/avr/5.4.0/avr5\libgcc.a(_divmodhi4.o)
                0x00001e2e                _div
                0x00001e2e                __divmodhi4
 .text.libgcc   0x00001e56        0xc c:/program files (x86)/atmel/studio/7.0/toolchain/avr8/avr8-gnu-toolchain/bin/../lib/gcc/avr/5.4.0/avr5\libgcc.a(_tablejump2.o)
                0x00001e56                __tablejump2__
 .text.libgcc.div
                0x00001e62       0x28 c:/program files (x86)/atmel/studio/7.0/toolchain/avr8/avr8-gnu-toolchain/bin/../lib/gcc/avr/5.4.0/avr5\libgcc.a(_udivmodhi4.o)
                0x00001e62                __udivmodhi4
 .text.avr-libc
                0x00001e8a       0x96 c:/program files (x86)/atmel/studio/7.0/toolchain/avr8/avr8-gnu-toolchain/bin/../lib/gcc/avr/5.4.0/../../../../avr/lib/avr5\libc.a(fdevopen.o)
                0x00001e8a                fdevopen
 .text.avr-libc
                0x00001f20       0x2c c:/program files (x86)/atmel/studio/7.0/toolchain/avr8/avr8-gnu-toolchain/bin/../lib/gcc/avr/5.4.0/../../../../avr/lib/avr5\libc.a(printf.o)
                0x00001f20                printf
 .text.avr-libc
                0x00001f4c       0x60 c:/program files (x86)/atmel/studio/7.0/toolchain/avr8/avr8-gnu-toolchain/bin/../lib/gcc/avr/5.4.0/../../../../avr/lib/avr5\libc.a(puts.o)
                0x00001f4c                puts
 .text.avr-libc
                0x00001fac      0x3c2 c:/program files (x86)/atmel/studio/7.0/toolchain/avr8/avr8-gnu-toolchain/bin/../lib/gcc/avr/5.4.0/../../../../avr/lib/avr5\libc.a(vfprintf_std.o)
                0x00001fac                vfprintf
 .text.avr-libc
                0x0000236e       0x38 c:/program files (x86)/atmel/studio/7.0/toolchain/avr8/avr8-gnu-toolchain/bin/../lib/gcc/avr/5.4.0/../../../../avr/lib/avr5\libc.a(calloc.o)
                0x0000236e                calloc
 .text.avr-libc
                0x000023a6      0x242 c:/program files (x86)/atmel/studio/7.0/toolchain/avr8/avr8-gnu-toolchain/bin/../lib/gcc/avr/5.4.0/../../../../avr/lib/avr5\libc.a(malloc.o)
                0x000023a6                malloc
                0x000024d6                free
 .text.avr-libc
                0x000025e8       0x16 c:/program files (x86)/atmel/studio/7.0/toolchain/avr8/avr8-gnu-toolchain/bin/../lib/gcc/avr/5.4.0/../../../../avr/lib/avr5\libc.a(strnlen_P.o)
                0x000025e8                strnlen_P
 .text.avr-libc
                0x000025fe        0xe c:/program files (x86)/atmel/studio/7.0/toolchain/avr8/avr8-gnu-toolchain/bin/../lib/gcc/avr/5.4.0/../../../../avr/lib/avr5\libc.a(memset.o)
                0x000025fe                memset
 .text.avr-libc
                0x0000260c       0x16 c:/program files (x86)/atmel/studio/7.0/toolchain/avr8/avr8-gnu-toolchain/bin/../lib/gcc/avr/5.4.0/../../../../avr/lib/avr5\libc.a(strnlen.o)
                0x0000260c                strnlen
 .text.avr-libc
                0x00002622       0x78 c:/program files (x86)/atmel/studio/7.0/toolchain/avr8/avr8-gnu-toolchain/bin/../lib/gcc/avr/5.4.0/../../../../avr/lib/avr5\libc.a(fputc.o)
                0x00002622                fputc
 .text.avr-libc
                0x0000269a       0xbc c:/program files (x86)/atmel/studio/7.0/toolchain/avr8/avr8-gnu-toolchain/bin/../lib/gcc/avr/5.4.0/../../../../avr/lib/avr5\libc.a(ultoa_invert.o)
                0x0000269a                __ultoa_invert
 .text.libgcc.prologue
                0x00002756       0x38 c:/program files (x86)/atmel/studio/7.0/toolchain/avr8/avr8-gnu-toolchain/bin/../lib/gcc/avr/5.4.0/avr5\libgcc.a(_prologue.o)
                0x00002756                __prologue_saves__
 .text.libgcc.prologue
                0x0000278e       0x36 c:/program files (x86)/atmel/studio/7.0/toolchain/avr8/avr8-gnu-toolchain/bin/../lib/gcc/avr/5.4.0/avr5\libgcc.a(_epilogue.o)
                0x0000278e                __epilogue_restores__
                0x000027c4                . = ALIGN (0x2)
 *(.fini9)
 .fini9         0x000027c4        0x0 c:/program files (x86)/atmel/studio/7.0/toolchain/avr8/avr8-gnu-toolchain/bin/../lib/gcc/avr/5.4.0/avr5\libgcc.a(_exit.o)
                0x000027c4                _exit
                0x000027c4                exit
 *(.fini9)
 *(.fini8)
 *(.fini8)
 *(.fini7)
 *(.fini7)
 *(.fini6)
 *(.fini6)
 *(.fini5)
 *(.fini5)
 *(.fini4)
 *(.fini4)
 *(.fini3)
 *(.fini3)
 *(.fini2)
 *(.fini2)
 *(.fini1)
 *(.fini1)
 *(.fini0)
 .fini0         0x000027c4        0x4 c:/program files (x86)/atmel/studio/7.0/toolchain/avr8/avr8-gnu-toolchain/bin/../lib/gcc/avr/5.4.0/avr5\libgcc.a(_exit.o)
 *(.fini0)
                0x000027c8                _etext = .

.data           0x00800100      0x1b4 load address 0x000027c8
                0x00800100                PROVIDE (__data_start, .)
 *(.data)
 .data          0x00800100        0x6 c:/program files (x86)/atmel/studio/7.0/toolchain/avr8/avr8-gnu-toolchain/bin/../lib/gcc/avr/5.4.0/../../../../avr/lib/avr5\libc.a(malloc.o)
                0x00800100                __malloc_heap_end
                0x00800102                __malloc_heap_start
                0x00800104                __malloc_margin
 *(.data*)
 .data.ADC      0x00800106        0x2 ADC_control.o
                0x00800106                ADC
 .data.mystdout
                0x00800108        0xe OLED_control.o
 .data.oled_data
                0x00800116        0x2 OLED_control.o
                0x00800116                oled_data
 .data.oled_command
                0x00800118        0x2 OLED_control.o
                0x00800118                oled_command
 .data.arrow    0x0080011a        0x2 OLED_menu.o
                0x0080011a                arrow
 *(.gnu.linkonce.d*)
 *(.rodata)
 *(.rodata*)
 .rodata.str1.1
                0x0080011c       0x58 ADC_control.o
 .rodata.str1.1
                0x00800174        0x6 game.o
 .rodata.str1.1
                0x0080017a       0xc3 main.o
 .rodata.str1.1
                0x0080023d       0x28 OLED_control.o
 .rodata.str1.1
                0x00800265       0x4f OLED_menu.o
 *(.gnu.linkonce.r*)
                0x008002b4                . = ALIGN (0x2)
                0x008002b4                _edata = .
                0x008002b4                PROVIDE (__data_end, .)

.bss            0x008002b4       0x58
                0x008002b4                PROVIDE (__bss_start, .)
 *(.bss)
 *(.bss*)
 .bss.intermittentx
                0x008002b4        0x2 ADC_control.o
                0x008002b4                intermittentx
 .bss.intermittenty
                0x008002b6        0x2 ADC_control.o
                0x008002b6                intermittenty
 .bss.message_interrupt_flag
                0x008002b8        0x1 CAN_controller.o
                0x008002b8                message_interrupt_flag
 .bss.button_flag
                0x008002b9        0x2 OLED_menu.o
                0x008002b9                button_flag
 .bss.flag_down
                0x008002bb        0x2 OLED_menu.o
                0x008002bb                flag_down
 .bss.flag_up   0x008002bd        0x2 OLED_menu.o
                0x008002bd                flag_up
 *(COMMON)
 COMMON         0x008002bf       0x34 ADC_control.o
                0x008002bf                sliderRight
                0x008002c1                negYadd
                0x008002c5                middleyjoyy
                0x008002c7                joyxPercent
                0x008002c9                posYadd
                0x008002cd                sliderLeft
                0x008002cf                joyyPercent
                0x008002d1                joyy
                0x008002d3                button2State
                0x008002d4                posXadd
                0x008002d8                posYfactor
                0x008002dc                negXadd
                0x008002e0                middleyjoyx
                0x008002e2                negYfactor
                0x008002e6                negXfactor
                0x008002ea                button1State
                0x008002eb                ADC_data
                0x008002ec                posXfactor
                0x008002f0                joyx
                0x008002f2                button3State
 COMMON         0x008002f3        0xb game.o
                0x008002f3                message
 COMMON         0x008002fe        0x2 OLED_control.o
                0x008002fe                pos
 COMMON         0x00800300        0x2 OLED_menu.o
                0x00800300                arrow_pos
 COMMON         0x00800302        0x6 c:/program files (x86)/atmel/studio/7.0/toolchain/avr8/avr8-gnu-toolchain/bin/../lib/gcc/avr/5.4.0/../../../../avr/lib/avr5\libc.a(iob.o)
                0x00800302                __iob
 COMMON         0x00800308        0x4 c:/program files (x86)/atmel/studio/7.0/toolchain/avr8/avr8-gnu-toolchain/bin/../lib/gcc/avr/5.4.0/../../../../avr/lib/avr5\libc.a(malloc.o)
                0x00800308                __brkval
                0x0080030a                __flp
                0x0080030c                PROVIDE (__bss_end, .)
                0x000027c8                __data_load_start = LOADADDR (.data)
                0x0000297c                __data_load_end = (__data_load_start + SIZEOF (.data))

.noinit         0x0080030c        0x0
                [!provide]                PROVIDE (__noinit_start, .)
 *(.noinit*)
                [!provide]                PROVIDE (__noinit_end, .)
                0x0080030c                _end = .
                0x0080030c                PROVIDE (__heap_start, .)

.eeprom         0x00810000        0x0
 *(.eeprom*)
                0x00810000                __eeprom_end = .

.fuse
 *(.fuse)
 *(.lfuse)
 *(.hfuse)
 *(.efuse)

.lock
 *(.lock*)

.signature
 *(.signature*)

.user_signatures
 *(.user_signatures*)

.stab
 *(.stab)

.stabstr
 *(.stabstr)

.stab.excl
 *(.stab.excl)

.stab.exclstr
 *(.stab.exclstr)

.stab.index
 *(.stab.index)

.stab.indexstr
 *(.stab.indexstr)

.comment        0x00000000       0x5c
 *(.comment)
 .comment       0x00000000       0x30 ADC_control.o
                                 0x31 (size before relaxing)
 .comment       0x00000030       0x31 CAN_controller.o
 .comment       0x00000030       0x31 CAN_module_controller.o
 .comment       0x00000030       0x31 game.o
 .comment       0x00000030       0x31 main.o
 .comment       0x00000030       0x31 OLED_control.o
 .comment       0x00000030       0x31 OLED_menu.o
 .comment       0x00000030       0x31 SPI_control.o
 .comment       0x00000030       0x31 UART_Control.o
 .comment       0x00000030       0x31 c:/program files (x86)/atmel/studio/7.0/toolchain/avr8/avr8-gnu-toolchain/bin/../lib/gcc/avr/5.4.0/../../../../avr/lib/avr5\libc.a(fdevopen.o)
 .comment       0x00000030       0x31 c:/program files (x86)/atmel/studio/7.0/toolchain/avr8/avr8-gnu-toolchain/bin/../lib/gcc/avr/5.4.0/../../../../avr/lib/avr5\libc.a(iob.o)
 .comment       0x00000030       0x31 c:/program files (x86)/atmel/studio/7.0/toolchain/avr8/avr8-gnu-toolchain/bin/../lib/gcc/avr/5.4.0/../../../../avr/lib/avr5\libc.a(printf.o)
 .comment       0x00000030       0x31 c:/program files (x86)/atmel/studio/7.0/toolchain/avr8/avr8-gnu-toolchain/bin/../lib/gcc/avr/5.4.0/../../../../avr/lib/avr5\libc.a(puts.o)
 .comment       0x00000030       0x2c c:/program files (x86)/atmel/studio/7.0/toolchain/avr8/avr8-gnu-toolchain/bin/../lib/gcc/avr/5.4.0/../../../../avr/lib/avr5\libc.a(vfprintf_std.o)
                                 0x2d (size before relaxing)
 .comment       0x0000005c       0x31 c:/program files (x86)/atmel/studio/7.0/toolchain/avr8/avr8-gnu-toolchain/bin/../lib/gcc/avr/5.4.0/../../../../avr/lib/avr5\libc.a(calloc.o)
 .comment       0x0000005c       0x31 c:/program files (x86)/atmel/studio/7.0/toolchain/avr8/avr8-gnu-toolchain/bin/../lib/gcc/avr/5.4.0/../../../../avr/lib/avr5\libc.a(malloc.o)
 .comment       0x0000005c       0x31 c:/program files (x86)/atmel/studio/7.0/toolchain/avr8/avr8-gnu-toolchain/bin/../lib/gcc/avr/5.4.0/../../../../avr/lib/avr5\libc.a(fputc.o)

.note.gnu.avr.deviceinfo
                0x00000000       0x3c
 .note.gnu.avr.deviceinfo
                0x00000000       0x3c C:/Program Files (x86)/Atmel/Studio/7.0/Packs/atmel/ATmega_DFP/1.7.374/gcc/dev/atmega162/avr5/crtatmega162.o

.note.gnu.build-id
 *(.note.gnu.build-id)

.debug
 *(.debug)

.line
 *(.line)

.debug_srcinfo
 *(.debug_srcinfo)

.debug_sfnames
 *(.debug_sfnames)

.debug_aranges  0x00000000      0x280
 *(.debug_aranges)
 .debug_aranges
                0x00000000       0x38 ADC_control.o
 .debug_aranges
                0x00000038       0x48 CAN_controller.o
 .debug_aranges
                0x00000080       0x60 CAN_module_controller.o
 .debug_aranges
                0x000000e0       0x28 game.o
 .debug_aranges
                0x00000108       0x20 main.o
 .debug_aranges
                0x00000128       0xb0 OLED_control.o
 .debug_aranges
                0x000001d8       0x40 OLED_menu.o
 .debug_aranges
                0x00000218       0x38 SPI_control.o
 .debug_aranges
                0x00000250       0x30 UART_Control.o

.debug_pubnames
 *(.debug_pubnames)

.debug_info     0x00000000     0x2f48
 *(.debug_info .gnu.linkonce.wi.*)
 .debug_info    0x00000000      0x5d0 C:/Program Files (x86)/Atmel/Studio/7.0/Packs/atmel/ATmega_DFP/1.7.374/gcc/dev/atmega162/avr5/crtatmega162.o
 .debug_info    0x000005d0      0x442 ADC_control.o
 .debug_info    0x00000a12      0x528 CAN_controller.o
 .debug_info    0x00000f3a      0x40a CAN_module_controller.o
 .debug_info    0x00001344      0x2e9 game.o
 .debug_info    0x0000162d      0x24b main.o
 .debug_info    0x00001878      0xc77 OLED_control.o
 .debug_info    0x000024ef      0x755 OLED_menu.o
 .debug_info    0x00002c44      0x225 SPI_control.o
 .debug_info    0x00002e69       0xdf UART_Control.o

.debug_abbrev   0x00000000     0x1331
 *(.debug_abbrev)
 .debug_abbrev  0x00000000      0x580 C:/Program Files (x86)/Atmel/Studio/7.0/Packs/atmel/ATmega_DFP/1.7.374/gcc/dev/atmega162/avr5/crtatmega162.o
 .debug_abbrev  0x00000580      0x19b ADC_control.o
 .debug_abbrev  0x0000071b      0x224 CAN_controller.o
 .debug_abbrev  0x0000093f      0x18f CAN_module_controller.o
 .debug_abbrev  0x00000ace      0x1be game.o
 .debug_abbrev  0x00000c8c       0xf3 main.o
 .debug_abbrev  0x00000d7f      0x2b9 OLED_control.o
 .debug_abbrev  0x00001038      0x12a OLED_menu.o
 .debug_abbrev  0x00001162      0x137 SPI_control.o
 .debug_abbrev  0x00001299       0x98 UART_Control.o

.debug_line     0x00000000     0x1c40
 *(.debug_line .debug_line.* .debug_line_end)
 .debug_line    0x00000000      0x140 C:/Program Files (x86)/Atmel/Studio/7.0/Packs/atmel/ATmega_DFP/1.7.374/gcc/dev/atmega162/avr5/crtatmega162.o
 .debug_line    0x00000140      0x326 ADC_control.o
 .debug_line    0x00000466      0x319 CAN_controller.o
 .debug_line    0x0000077f      0x280 CAN_module_controller.o
 .debug_line    0x000009ff      0x1b9 game.o
 .debug_line    0x00000bb8      0x15d main.o
 .debug_line    0x00000d15      0x55b OLED_control.o
 .debug_line    0x00001270      0x73b OLED_menu.o
 .debug_line    0x000019ab      0x18a SPI_control.o
 .debug_line    0x00001b35      0x10b UART_Control.o

.debug_frame    0x00000000      0x6f0
 *(.debug_frame)
 .debug_frame   0x00000000      0x14c ADC_control.o
 .debug_frame   0x0000014c       0xc0 CAN_controller.o
 .debug_frame   0x0000020c       0xd8 CAN_module_controller.o
 .debug_frame   0x000002e4       0x50 game.o
 .debug_frame   0x00000334       0x34 main.o
 .debug_frame   0x00000368      0x1bc OLED_control.o
 .debug_frame   0x00000524       0xf4 OLED_menu.o
 .debug_frame   0x00000618       0x94 SPI_control.o
 .debug_frame   0x000006ac       0x44 UART_Control.o

.debug_str      0x00000000      0x9ed
 *(.debug_str)
 .debug_str     0x00000000      0x1f6 C:/Program Files (x86)/Atmel/Studio/7.0/Packs/atmel/ATmega_DFP/1.7.374/gcc/dev/atmega162/avr5/crtatmega162.o
 .debug_str     0x000001f6      0x2e0 ADC_control.o
                                0x338 (size before relaxing)
 .debug_str     0x000004d6      0x144 CAN_controller.o
                                0x340 (size before relaxing)
 .debug_str     0x0000061a       0x84 CAN_module_controller.o
                                0x2e1 (size before relaxing)
 .debug_str     0x0000069e       0x2b game.o
                                0x2db (size before relaxing)
 .debug_str     0x000006c9       0x4d main.o
                                0x299 (size before relaxing)
 .debug_str     0x00000716      0x20b OLED_control.o
                                0x3ff (size before relaxing)
 .debug_str     0x00000921       0x72 OLED_menu.o
                                0x2af (size before relaxing)
 .debug_str     0x00000993       0x26 SPI_control.o
                                0x1f6 (size before relaxing)
 .debug_str     0x000009b9       0x34 UART_Control.o
                                0x1d7 (size before relaxing)

.debug_loc      0x00000000     0x1507
 *(.debug_loc)
 .debug_loc     0x00000000      0x4a3 ADC_control.o
 .debug_loc     0x000004a3      0x286 CAN_controller.o
 .debug_loc     0x00000729      0x29d CAN_module_controller.o
 .debug_loc     0x000009c6      0x115 game.o
 .debug_loc     0x00000adb       0x47 main.o
 .debug_loc     0x00000b22      0x580 OLED_control.o
 .debug_loc     0x000010a2      0x2db OLED_menu.o
 .debug_loc     0x0000137d      0x145 SPI_control.o
 .debug_loc     0x000014c2       0x45 UART_Control.o

.debug_macinfo
 *(.debug_macinfo)

.debug_weaknames
 *(.debug_weaknames)

.debug_funcnames
 *(.debug_funcnames)

.debug_typenames
 *(.debug_typenames)

.debug_varnames
 *(.debug_varnames)

.debug_pubtypes
 *(.debug_pubtypes)

.debug_ranges   0x00000000      0x220
 *(.debug_ranges)
 .debug_ranges  0x00000000       0x40 ADC_control.o
 .debug_ranges  0x00000040       0x38 CAN_controller.o
 .debug_ranges  0x00000078       0x50 CAN_module_controller.o
 .debug_ranges  0x000000c8       0x18 game.o
 .debug_ranges  0x000000e0       0x10 main.o
 .debug_ranges  0x000000f0       0xa0 OLED_control.o
 .debug_ranges  0x00000190       0x48 OLED_menu.o
 .debug_ranges  0x000001d8       0x28 SPI_control.o
 .debug_ranges  0x00000200       0x20 UART_Control.o

.debug_macro
 *(.debug_macro)
OUTPUT(Byggern_source.elf elf32-avr)
LOAD linker stubs
